<html>
<body>
<pre>
<h1>µVision Build Log</h1>
<h2>Tool Versions:</h2>
IDE-Version: ¶ÃVision V5.43.1.0
Copyright (C) 2025 ARM Ltd and ARM Germany GmbH. All rights reserved.
License Information: xiao'xing,  , LIC=FYKYW-QM559-TGJ7T-RPNU3-CQL6N-ZA0AZ
 
Tool Versions:
Toolchain:       MDK-ARM Plus  Version: 5.43.0.0
Toolchain Path:  D:\MDK543a\ARM\ARMCC\Bin
C Compiler:      Armcc.exe V5.06 update 7 (build 960)
Assembler:       Armasm.exe V5.06 update 7 (build 960)
Linker/Locator:  ArmLink.exe V5.06 update 7 (build 960)
Library Manager: ArmAr.exe V5.06 update 7 (build 960)
Hex Converter:   FromElf.exe V5.06 update 7 (build 960)
CPU DLL:         SARMCM3.DLL V5.43.0.0
Dialog DLL:      DCM.DLL V1.17.5.0
Target DLL:      CMSIS_AGDI.dll V1.33.24.0
Dialog DLL:      TCM.DLL V1.56.6.0
 
<h2>Project:</h2>
D:\STM32\÷«ƒ‹∑Á…»\stm32f103.uvprojx
Project File Date:  04/23/2026

<h2>Output:</h2>
*** Using Compiler 'V5.06 update 7 (build 960)', folder: 'D:\MDK543a\ARM\ARMCC\Bin'
Rebuild target 'STM32F103'
assembling startup_stm32f10x_md.s...
compiling delay.c...
compiling stm32f10x_exti.c...
compiling stm32f10x_gpio.c...
compiling core_cm3.c...
compiling stm32f10x_tim.c...
compiling system_stm32f10x.c...
compiling led.c...
compiling stm32f10x_usart.c...
compiling dht11.c...
compiling misc.c...
compiling key.c...
compiling stm32f10x_it.c...
compiling usart.c...
compiling stm32f10x_rcc.c...
compiling Motor.c...
compiling PWM.c...
compiling OLED.c...
compiling hmac_sha1.c...
compiling base64.c...
compiling MqttKit.c...
compiling main.c...
user\main.c(63): warning:  #177-D: variable "OLED_GLYPH_CELSIUS_MEDIUM"  was declared but never referenced
  static const uint8_t OLED_GLYPH_CELSIUS_MEDIUM[16] =
user\main.c(69): warning:  #177-D: variable "OLED_GLYPH_CELSIUS_BOLD"  was declared but never referenced
  static const uint8_t OLED_GLYPH_CELSIUS_BOLD[16] =
user\main.c: 2 warnings, 0 errors
compiling onenet.c...
NET\onenet\src\onenet.c(527): warning:  #177-D: variable "dataPtr"  was declared but never referenced
  	char *dataPtr = NULL;
NET\onenet\src\onenet.c(528): warning:  #177-D: variable "numBuf"  was declared but never referenced
  	char numBuf[10];
NET\onenet\src\onenet.c(529): warning:  #177-D: variable "num"  was declared but never referenced
  	int num = 0;
NET\onenet\src\onenet.c: 3 warnings, 0 errors
compiling cJSON.c...
NET\CJSON\cJSON.c(55): warning:  #1293-D: assignment in condition
        if (!(copy = (char*)cJSON_malloc(len))) return 0;
NET\CJSON\cJSON.c(278): warning:  #1293-D: assignment in condition
  	ptr=str;while ((token=*ptr) && ++len) {if (strchr("\"\\\b\f\n\r\t",token)) len++; else if (token<32) len+=5;ptr++;}
NET\CJSON\cJSON.c(352): warning:  #111-D: statement is unreachable
  	return p.buffer;
NET\CJSON\cJSON.c(423): warning:  #1293-D: assignment in condition
  		if (!(new_item=cJSON_New_Item())) return 0; 	/* memory fail */
NET\CJSON\cJSON.c(535): warning:  #1293-D: assignment in condition
  		if (!(new_item=cJSON_New_Item()))	return 0; /* memory fail */
NET\CJSON\cJSON.c: 5 warnings, 0 errors
compiling esp8266.c...
linking...
Program Size: Code=38472 RO-data=2772 RW-data=124 ZI-data=4164  
FromELF: creating hex file...
".\output\stm32f103.axf" - 0 Error(s), 10 Warning(s).

<h2>Software Packages used:</h2>

Package Vendor: ARM
                https://www.keil.com/pack/ARM.CMSIS.6.3.0.pack
                ARM::CMSIS@6.3.0
                CMSIS (Common Microcontroller Software Interface Standard)
   * Component: CORE Version: 6.2.0

Package Vendor: Keil
                https://www.keil.com/pack/Keil.STM32F1xx_DFP.2.4.1.pack
                Keil::STM32F1xx_DFP@2.4.1
                STMicroelectronics STM32F1 Series Device Support, Drivers and Examples

<h2>Collection of Component include folders:</h2>
  ./RTE/_STM32F103
  D:/MDK543a/ARM/CMSIS/6.3.0/CMSIS/Core/Include
  D:/MDK543a/Keil/STM32F1xx_DFP/2.4.1/Device/Include

<h2>Collection of Component Files used:</h2>

   * Component: ARM::CMSIS:CORE@6.2.0
Build Time Elapsed:  00:00:01
</pre>
</body>
</html>
