Component: ARM Compiler 5.06 update 7 (build 960) Tool: armlink [4d3601]

==============================================================================

Section Cross References

    stm32f10x_it.o(.text) refers to usart.o(.text) for UsartPrintf
    system_stm32f10x.o(.text) refers to system_stm32f10x.o(.data) for SystemCoreClock
    startup_stm32f10x_md.o(RESET) refers to startup_stm32f10x_md.o(STACK) for __initial_sp
    startup_stm32f10x_md.o(RESET) refers to startup_stm32f10x_md.o(.text) for Reset_Handler
    startup_stm32f10x_md.o(RESET) refers to stm32f10x_it.o(.text) for NMI_Handler
    startup_stm32f10x_md.o(RESET) refers to key.o(.text) for EXTI1_IRQHandler
    startup_stm32f10x_md.o(RESET) refers to usart.o(.text) for USART1_IRQHandler
    startup_stm32f10x_md.o(RESET) refers to esp8266.o(.text) for USART2_IRQHandler
    startup_stm32f10x_md.o(.text) refers to system_stm32f10x.o(.text) for SystemInit
    startup_stm32f10x_md.o(.text) refers to entry.o(.ARM.Collect$$$$00000000) for __main
    stm32f10x_gpio.o(.text) refers to stm32f10x_rcc.o(.text) for RCC_APB2PeriphResetCmd
    stm32f10x_rcc.o(.text) refers to stm32f10x_rcc.o(.data) for APBAHBPrescTable
    stm32f10x_usart.o(.text) refers to stm32f10x_rcc.o(.text) for RCC_APB2PeriphResetCmd
    stm32f10x_tim.o(.text) refers to stm32f10x_rcc.o(.text) for RCC_APB2PeriphResetCmd
    delay.o(.text) refers to delay.o(.data) for UsCount
    usart.o(.text) refers to stm32f10x_rcc.o(.text) for RCC_APB2PeriphClockCmd
    usart.o(.text) refers to stm32f10x_gpio.o(.text) for GPIO_Init
    usart.o(.text) refers to stm32f10x_usart.o(.text) for USART_Init
    usart.o(.text) refers to misc.o(.text) for NVIC_Init
    usart.o(.text) refers to printfa.o(i.__0vsnprintf) for __c89vsnprintf
    led.o(.text) refers to stm32f10x_gpio.o(.text) for GPIO_WriteBit
    led.o(.text) refers to stm32f10x_rcc.o(.text) for RCC_APB2PeriphClockCmd
    led.o(.text) refers to led.o(.data) for led_info
    key.o(.text) refers to stm32f10x_rcc.o(.text) for RCC_APB2PeriphClockCmd
    key.o(.text) refers to stm32f10x_gpio.o(.text) for GPIO_Init
    key.o(.text) refers to stm32f10x_exti.o(.text) for EXTI_Init
    key.o(.text) refers to misc.o(.text) for NVIC_PriorityGroupConfig
    key.o(.text) refers to delay.o(.text) for DelayXms
    key.o(.text) refers to led.o(.text) for Led_Set
    key.o(.text) refers to motor.o(.text) for Motor_SetSpeed
    key.o(.text) refers to led.o(.data) for led_info
    key.o(.text) refers to motor.o(.data) for fan_speed
    dht11.o(.text) refers to stm32f10x_gpio.o(.text) for GPIO_WriteBit
    dht11.o(.text) refers to delay.o(.text) for DelayXms
    dht11.o(.text) refers to stm32f10x_rcc.o(.text) for RCC_APB2PeriphClockCmd
    oled.o(.text) refers to stm32f10x_gpio.o(.text) for GPIO_WriteBit
    oled.o(.text) refers to stm32f10x_rcc.o(.text) for RCC_APB2PeriphClockCmd
    oled.o(.text) refers to oled.o(.data) for oled_dirty_min
    oled.o(.text) refers to oled.o(.bss) for oled_gram
    oled.o(.text) refers to oled.o(.constdata) for OLED_F8x16
    motor.o(.text) refers to stm32f10x_rcc.o(.text) for RCC_APB2PeriphClockCmd
    motor.o(.text) refers to stm32f10x_gpio.o(.text) for GPIO_Init
    motor.o(.text) refers to pwm.o(.text) for PWM_Init
    motor.o(.text) refers to motor.o(.data) for fan_speed
    pwm.o(.text) refers to stm32f10x_rcc.o(.text) for RCC_APB2PeriphClockCmd
    pwm.o(.text) refers to stm32f10x_gpio.o(.text) for GPIO_Init
    pwm.o(.text) refers to stm32f10x_tim.o(.text) for TIM_InternalClockConfig
    main.o(.text) refers to misc.o(.text) for NVIC_PriorityGroupConfig
    main.o(.text) refers to delay.o(.text) for Delay_Init
    main.o(.text) refers to usart.o(.text) for Usart1_Init
    main.o(.text) refers to key.o(.text) for Key_Init
    main.o(.text) refers to led.o(.text) for Led_Init
    main.o(.text) refers to oled.o(.text) for OLED_Init
    main.o(.text) refers to motor.o(.text) for Motor_Init
    main.o(.text) refers to dht11.o(.text) for DHT11_Init
    main.o(.text) refers to esp8266.o(.text) for ESP8266_Init
    main.o(.text) refers to onenet.o(.text) for OneNet_RevPro
    main.o(.text) refers to main.o(.constdata) for OLED_GLYPH_CELSIUS_THIN
    main.o(.text) refers to main.o(.data) for lastReady
    main.o(.text) refers to led.o(.data) for led_info
    main.o(.text) refers to motor.o(.data) for fan_speed
    main.o(.text) refers to main.o(.conststring) for .conststring
    onenet.o(.text) refers to _scanf_int.o(.text) for _scanf_int
    onenet.o(.text) refers to _scanf_str.o(.text) for _scanf_string
    onenet.o(.text) refers to strlen.o(.text) for strlen
    onenet.o(.text) refers to strcat.o(.text) for strcat
    onenet.o(.text) refers to memseta.o(.text) for __aeabi_memclr4
    onenet.o(.text) refers to base64.o(.text) for BASE64_Decode
    onenet.o(.text) refers to printfa.o(i.__0snprintf) for __2snprintf
    onenet.o(.text) refers to hmac_sha1.o(.text) for hmac_sha1
    onenet.o(.text) refers to malloc.o(i.malloc) for malloc
[...]
    .ARM.Collect$$$$00000008                 0x080000f4   Section        0  entry7b.o(.ARM.Collect$$$$00000008)
    .ARM.Collect$$$$0000000A                 0x080000f4   Section        0  entry8b.o(.ARM.Collect$$$$0000000A)
    .ARM.Collect$$$$0000000B                 0x080000f4   Section        8  entry9a.o(.ARM.Collect$$$$0000000B)
    .ARM.Collect$$$$0000000E                 0x080000fc   Section        4  entry12b.o(.ARM.Collect$$$$0000000E)
    .ARM.Collect$$$$0000000F                 0x08000100   Section        0  entry10a.o(.ARM.Collect$$$$0000000F)
    .ARM.Collect$$$$00000011                 0x08000100   Section        0  entry11a.o(.ARM.Collect$$$$00000011)
    .ARM.Collect$$$$00002712                 0x08000100   Section        4  entry2.o(.ARM.Collect$$$$00002712)
    __lit__00000000                          0x08000100   Data           4  entry2.o(.ARM.Collect$$$$00002712)
    .text                                    0x08000104   Section        0  stm32f10x_it.o(.text)
    .text                                    0x08000238   Section        0  system_stm32f10x.o(.text)
    SetSysClockTo72                          0x08000239   Thumb Code   214  system_stm32f10x.o(.text)
    SetSysClock                              0x0800030f   Thumb Code     8  system_stm32f10x.o(.text)
    .text                                    0x08000418   Section       36  startup_stm32f10x_md.o(.text)
    .text                                    0x0800043c   Section        0  misc.o(.text)
    .text                                    0x08000518   Section        0  stm32f10x_gpio.o(.text)
    .text                                    0x08000874   Section        0  stm32f10x_rcc.o(.text)
    .text                                    0x08000c18   Section        0  stm32f10x_usart.o(.text)
    .text                                    0x08001020   Section        0  stm32f10x_exti.o(.text)
    .text                                    0x0800113c   Section        0  stm32f10x_tim.o(.text)
    TI4_Config                               0x080015e3   Thumb Code   130  stm32f10x_tim.o(.text)
    TI3_Config                               0x08001677   Thumb Code   122  stm32f10x_tim.o(.text)
    TI2_Config                               0x0800170b   Thumb Code   130  stm32f10x_tim.o(.text)
    TI1_Config                               0x0800179f   Thumb Code   108  stm32f10x_tim.o(.text)
    .text                                    0x08001f58   Section        0  delay.o(.text)
    .text                                    0x08002048   Section        0  usart.o(.text)
    .text                                    0x08002230   Section        0  led.o(.text)
    .text                                    0x0800227c   Section        0  key.o(.text)
    .text                                    0x08002394   Section        0  dht11.o(.text)
    .text                                    0x08002534   Section        0  oled.o(.text)
    OLED_I2C_Delay                           0x08002535   Thumb Code    30  oled.o(.text)
    OLED_WriteDataBurst                      0x0800262b   Thumb Code    52  oled.o(.text)
    OLED_MarkDirty                           0x0800265f   Thumb Code    62  oled.o(.text)
    OLED_ResetDirty                          0x0800269d   Thumb Code    32  oled.o(.text)
    OLED_WriteByte                           0x080026bd   Thumb Code    36  oled.o(.text)
    .text                                    0x08002bbc   Section        0  motor.o(.text)
    .text                                    0x08002c10   Section        0  pwm.o(.text)
    .text                                    0x08002cb8   Section        0  main.o(.text)
    OLED_GetCelsiusGlyph                     0x08002cb9   Thumb Code     4  main.o(.text)
    OLED_DrawStaticUi                        0x08002d43   Thumb Code    38  main.o(.text)
    OLED_UpdateNetModeUi                     0x08002d69   Thumb Code    90  main.o(.text)
    OLED_RefreshDynamicUi                    0x08002dc3   Thumb Code   190  main.o(.text)
    .text                                    0x080031fc   Section        0  onenet.o(.text)
    OTA_UrlEncode                            0x080031fd   Thumb Code   246  onenet.o(.text)
    OneNET_Authorization                     0x080032f3   Thumb Code   284  onenet.o(.text)
    .text                                    0x08003f38   Section        0  hmac_sha1.o(.text)
    .text                                    0x080043c0   Section        0  base64.o(.text)
    .text                                    0x08004670   Section        0  mqttkit.o(.text)
    .text                                    0x08005478   Section        0  esp8266.o(.text)
    .text                                    0x0800585c   Section        0  cjson.o(.text)
    cJSON_strcasecmp                         0x08005863   Thumb Code    76  cjson.o(.text)
    cJSON_strdup                             0x080058af   Thumb Code    40  cjson.o(.text)
    cJSON_New_Item                           0x08005907   Thumb Code    26  cjson.o(.text)
    parse_number                             0x08005973   Thumb Code   432  cjson.o(.text)
    pow2gt                                   0x08005b23   Thumb Code    28  cjson.o(.text)
    ensure                                   0x08005b3f   Thumb Code   104  cjson.o(.text)
    update                                   0x08005ba7   Thumb Code    32  cjson.o(.text)
    print_number                             0x08005bc7   Thumb Code   396  cjson.o(.text)
    parse_hex4                               0x08005d53   Thumb Code   276  cjson.o(.text)
    parse_string                             0x08005e67   Thumb Code   448  cjson.o(.text)
    print_string_ptr                         0x08006027   Thumb Code   498  cjson.o(.text)
    print_string                             0x08006219   Thumb Code    16  cjson.o(.text)
    skip                                     0x08006229   Thumb Code    18  cjson.o(.text)
    parse_object                             0x0800623b   Thumb Code   270  cjson.o(.text)
    parse_array                              0x08006349   Thumb Code   166  cjson.o(.text)
    parse_value                              0x080063ef   Thumb Code   158  cjson.o(.text)
    print_object                             0x08006535   Thumb Code  1052  cjson.o(.text)
    print_array                              0x08006951   Thumb Code   578  cjson.o(.text)
    print_value                              0x08006b93   Thumb Code   290  cjson.o(.text)
    suffix_object                            0x08006d4f   Thumb Code     6  cjson.o(.text)
    create_reference                         0x08006d55   Thumb Code    48  cjson.o(.text)
    .text                                    0x080072dc   Section        0  tolower.o(.text)
    .text                                    0x080072e8   Section        0  memcpya.o(.text)
    .text                                    0x0800730c   Section        0  memseta.o(.text)
    .text                                    0x08007330   Section        0  strcat.o(.text)
    .text                                    0x08007348   Section        0  strstr.o(.text)
    .text                                    0x0800736c   Section        0  strchr.o(.text)
    .text                                    0x08007380   Section        0  strlen.o(.text)
    .text                                    0x0800738e   Section        0  strncat.o(.text)
    .text                                    0x080073b6   Section        0  strcpy.o(.text)
    .text                                    0x080073c8   Section        0  strncmp.o(.text)
    .text                                    0x080073e8   Section        0  __0sscanf.o(.text)
    .text                                    0x08007420   Section        0  _scanf_int.o(.text)
    .text                                    0x0800756c   Section        0  _scanf_str.o(.text)
    .text                                    0x0800764c   Section        0  dadd.o(.text)
    .text                                    0x0800779a   Section        0  dmul.o(.text)
    .text                                    0x0800787e   Section        0  dflti.o(.text)
    .text                                    0x080078a0   Section        0  dfixi.o(.text)
    .text                                    0x080078de   Section        0  f2d.o(.text)
    .text                                    0x08007904   Section       48  cdcmple.o(.text)
    .text                                    0x08007934   Section       48  cdrcmple.o(.text)
    .text                                    0x08007964   Section        0  uidiv.o(.text)
    .text                                    0x08007990   Section        0  uldiv.o(.text)
    .text                                    0x080079f2   Section        0  llshl.o(.text)
    .text                                    0x08007a10   Section        0  llushr.o(.text)
    .text                                    0x08007a30   Section        0  llsshr.o(.text)
    .text                                    0x08007a54   Section        0  _chval.o(.text)
    .text                                    0x08007a70   Section        0  scanf_char.o(.text)
    _scanf_char_input                        0x08007a71   Thumb Code    12  scanf_char.o(.text)
    .text                                    0x08007a98   Section        0  _sgetc.o(.text)
    .text                                    0x08007ad8   Section        0  depilogue.o(.text)
    .text                                    0x08007ad8   Section        0  iusefp.o(.text)
    .text                                    0x08007b92   Section        0  ddiv.o(.text)
    .text                                    0x08007c70   Section        0  dscalb.o(.text)
    .text                                    0x08007c9e   Section        0  dfixul.o(.text)
    .text                                    0x08007cd0   Section       36  init.o(.text)
    .text                                    0x08007cf4   Section        0  isspace_c.o(.text)
    .text                                    0x08007d00   Section        0  _scanf.o(.text)
    .text                                    0x08008030   Section        0  dsqrt.o(.text)
    .text                                    0x080080d4   Section        0  ctype_c.o(.text)
    i.__0snprintf                            0x080080fc   Section        0  printfa.o(i.__0snprintf)
    i.__0sprintf                             0x08008130   Section        0  printfa.o(i.__0sprintf)
    i.__0vsnprintf                           0x08008158   Section        0  printfa.o(i.__0vsnprintf)
    i.__ARM_fpclassify                       0x0800818c   Section        0  fpclassify.o(i.__ARM_fpclassify)
    i.__kernel_poly                          0x080081b4   Section        0  poly.o(i.__kernel_poly)
    i.__mathlib_dbl_divzero                  0x08008260   Section        0  dunder.o(i.__mathlib_dbl_divzero)
    i.__mathlib_dbl_infnan2                  0x08008270   Section        0  dunder.o(i.__mathlib_dbl_infnan2)
    i.__mathlib_dbl_invalid                  0x08008274   Section        0  dunder.o(i.__mathlib_dbl_invalid)
    i.__mathlib_dbl_overflow                 0x08008280   Section        0  dunder.o(i.__mathlib_dbl_overflow)
    i.__mathlib_dbl_underflow                0x08008290   Section        0  dunder.o(i.__mathlib_dbl_underflow)
    i.__scatterload_copy                     0x080082a0   Section       14  handlers.o(i.__scatterload_copy)
    i.__scatterload_null                     0x080082ae   Section        2  handlers.o(i.__scatterload_null)
    i.__scatterload_zeroinit                 0x080082b0   Section       14  handlers.o(i.__scatterload_zeroinit)
    i.__set_errno                            0x080082c0   Section        0  errno.o(i.__set_errno)
    i._fp_digits                             0x080082cc   Section        0  printfa.o(i._fp_digits)
    _fp_digits                               0x080082cd   Thumb Code   366  printfa.o(i._fp_digits)
    i._printf_core                           0x08008450   Section        0  printfa.o(i._printf_core)
    _printf_core                             0x08008451   Thumb Code  1704  printfa.o(i._printf_core)
    i._printf_post_padding                   0x08008b04   Section        0  printfa.o(i._printf_post_padding)
    _printf_post_padding                     0x08008b05   Thumb Code    36  printfa.o(i._printf_post_padding)
    i._printf_pre_padding                    0x08008b28   Section        0  printfa.o(i._printf_pre_padding)
    _printf_pre_padding                      0x08008b29   Thumb Code    46  printfa.o(i._printf_pre_padding)
    i._snputc                                0x08008b56   Section        0  printfa.o(i._snputc)
    _snputc                                  0x08008b57   Thumb Code    22  printfa.o(i._snputc)
    i._sputc                                 0x08008b6c   Section        0  printfa.o(i._sputc)
    _sputc                                   0x08008b6d   Thumb Code    10  printfa.o(i._sputc)
    i.floor                                  0x08008b78   Section        0  floor.o(i.floor)
    i.free                                   0x08008c54   Section        0  malloc.o(i.free)
    i.malloc                                 0x08008ca4   Section        0  malloc.o(i.malloc)
    i.pow                                    0x08008d10   Section        0  pow.o(i.pow)
    i.sqrt                                   0x080096e8   Section        0  sqrt.o(i.sqrt)
    .constdata                               0x08009734   Section     1520  oled.o(.constdata)
    .constdata                               0x08009d24   Section       48  main.o(.constdata)
    OLED_GLYPH_CELSIUS_THIN                  0x08009d24   Data          16  main.o(.constdata)
    OLED_GLYPH_CELSIUS_MEDIUM                0x08009d34   Data          16  main.o(.constdata)
    OLED_GLYPH_CELSIUS_BOLD                  0x08009d44   Data          16  main.o(.constdata)
    .constdata                               0x08009d54   Section      192  base64.o(.constdata)
    base64_enc_map                           0x08009d54   Data          64  base64.o(.constdata)
    base64_dec_map                           0x08009d94   Data         128  base64.o(.constdata)
    .constdata                               0x08009e14   Section        7  cjson.o(.constdata)
    firstByteMark                            0x08009e14   Data           7  cjson.o(.constdata)
    .constdata                               0x08009e20   Section      136  pow.o(.constdata)
    bp                                       0x08009e20   Data          16  pow.o(.constdata)
    dp_h                                     0x08009e30   Data          16  pow.o(.constdata)
    dp_l                                     0x08009e40   Data          16  pow.o(.constdata)
    L                                        0x08009e50   Data          48  pow.o(.constdata)
    P                                        0x08009e80   Data          40  pow.o(.constdata)
    .constdata                               0x08009ea8   Section        8  qnan.o(.constdata)
    .constdata                               0x08009eb0   Section       64  ctype_c.o(.constdata)
    .conststring                             0x08009ef0   Section       75  main.o(.conststring)
    .conststring                             0x08009f3c   Section      447  onenet.o(.conststring)
    .data                                    0x20000000   Section       20  system_stm32f10x.o(.data)
    .data                                    0x20000014   Section       20  stm32f10x_rcc.o(.data)
    APBAHBPrescTable                         0x20000014   Data          16  stm32f10x_rcc.o(.data)
    ADCPrescTable                            0x20000024   Data           4  stm32f10x_rcc.o(.data)
    .data                                    0x20000028   Section        4  delay.o(.data)
    .data                                    0x2000002c   Section        1  led.o(.data)
    .data                                    0x2000002d   Section       17  oled.o(.data)
    oled_dirty_min                           0x2000002d   Data           8  oled.o(.data)
    oled_dirty_max                           0x20000035   Data           8  oled.o(.data)
    oled_dirty                               0x2000003d   Data           1  oled.o(.data)
    .data                                    0x2000003e   Section        1  motor.o(.data)
    .data                                    0x2000003f   Section        8  main.o(.data)
    lastReady                                0x20000041   Data           1  main.o(.data)
    lastMode                                 0x20000042   Data           1  main.o(.data)
    lastTemp                                 0x20000043   Data           1  main.o(.data)
    lastHumi                                 0x20000044   Data           1  main.o(.data)
    lastFan                                  0x20000045   Data           1  main.o(.data)
    lastLed                                  0x20000046   Data           1  main.o(.data)
    .data                                    0x20000048   Section        2  onenet.o(.data)
    pkt_id                                   0x20000048   Data           2  onenet.o(.data)
    .data                                    0x2000004c   Section       24  esp8266.o(.data)
    esp8266_tx_bytes                         0x20000050   Data           4  esp8266.o(.data)
    esp8266_rx_bytes                         0x20000054   Data           4  esp8266.o(.data)
    esp8266_ipd_packets                      0x20000058   Data           4  esp8266.o(.data)
    esp8266_sendcmd_ok                       0x2000005c   Data           4  esp8266.o(.data)
    esp8266_sendcmd_fail                     0x20000060   Data           4  esp8266.o(.data)
    .data                                    0x20000064   Section       12  cjson.o(.data)
    ep                                       0x20000064   Data           4  cjson.o(.data)
    cJSON_malloc                             0x20000068   Data           4  cjson.o(.data)
    cJSON_free                               0x2000006c   Data           4  cjson.o(.data)
    .data                                    0x20000070   Section        4  mvars.o(.data)
    .data                                    0x20000074   Section        4  mvars.o(.data)
    .data                                    0x20000078   Section        4  errno.o(.data)
    _errno                                   0x20000078   Data           4  errno.o(.data)
    .bss                                     0x2000007c   Section     1024  oled.o(.bss)
    oled_gram                                0x2000007c   Data        1024  oled.o(.bss)
    .bss                                     0x2000047c   Section       64  onenet.o(.bss)
    .bss                                     0x200004bc   Section      512  esp8266.o(.bss)
    HEAP                                     0x200006c0   Section      512  startup_stm32f10x_md.o(HEAP)
    STACK                                    0x200008c0   Section     2048  startup_stm32f10x_md.o(STACK)

    Global Symbols

    Symbol Name                              Value     Ov Type        Size  Object(Section)

    BuildAttributes$$THM_ISAv4$P$D$K$B$S$PE$A:L22UL41UL21$X:L11$S22US41US21$IEEE1$IW$USESV6$~STKCKD$USESV7$~SHL$OTIME$ROPI$IEEEX$EBA8$MICROLIB$REQ8$PRES8$EABIv2 0x00000000   Number         0  anon$$obj.o ABSOLUTE
    __ARM_use_no_argv                        0x00000000   Number         0  main.o ABSOLUTE
    _printf_a                                0x00000000   Number         0  stubs.o ABSOLUTE
    _printf_c                                0x00000000   Number         0  stubs.o ABSOLUTE
    _printf_charcount                        0x00000000   Number         0  stubs.o ABSOLUTE
    _printf_d                                0x00000000   Number         0  stubs.o ABSOLUTE
    _printf_e                                0x00000000   Number         0  stubs.o ABSOLUTE
    _printf_f                                0x00000000   Number         0  stubs.o ABSOLUTE
    _printf_flags                            0x00000000   Number         0  stubs.o ABSOLUTE
    _printf_fp_dec                           0x00000000   Number         0  stubs.o ABSOLUTE
    _printf_fp_hex                           0x00000000   Number         0  stubs.o ABSOLUTE
    _printf_g                                0x00000000   Number         0  stubs.o ABSOLUTE
    _printf_i                                0x00000000   Number         0  stubs.o ABSOLUTE
    _printf_int_dec                          0x00000000   Number         0  stubs.o ABSOLUTE
    _printf_l                                0x00000000   Number         0  stubs.o ABSOLUTE
    _printf_lc                               0x00000000   Number         0  stubs.o ABSOLUTE
    _printf_ll                               0x00000000   Number         0  stubs.o ABSOLUTE
    _printf_lld                              0x00000000   Number         0  stubs.o ABSOLUTE
    _printf_lli                              0x00000000   Number         0  stubs.o ABSOLUTE
    _printf_llo                              0x00000000   Number         0  stubs.o ABSOLUTE
    _printf_llu                              0x00000000   Number         0  stubs.o ABSOLUTE
    _printf_llx                              0x00000000   Number         0  stubs.o ABSOLUTE
    _printf_longlong_dec                     0x00000000   Number         0  stubs.o ABSOLUTE
    _printf_longlong_hex                     0x00000000   Number         0  stubs.o ABSOLUTE
    _printf_longlong_oct                     0x00000000   Number         0  stubs.o ABSOLUTE
    _printf_ls                               0x00000000   Number         0  stubs.o ABSOLUTE
    _printf_mbtowc                           0x00000000   Number         0  stubs.o ABSOLUTE
    _printf_n                                0x00000000   Number         0  stubs.o ABSOLUTE
    _printf_o                                0x00000000   Number         0  stubs.o ABSOLUTE
    _printf_p                                0x00000000   Number         0  stubs.o ABSOLUTE
    _printf_percent                          0x00000000   Number         0  stubs.o ABSOLUTE
    _printf_pre_padding                      0x00000000   Number         0  stubs.o ABSOLUTE
    _printf_return_value                     0x00000000   Number         0  stubs.o ABSOLUTE
    _printf_s                                0x00000000   Number         0  stubs.o ABSOLUTE
    _printf_sizespec                         0x00000000   Number         0  stubs.o ABSOLUTE
    _printf_str                              0x00000000   Number         0  stubs.o ABSOLUTE
    _printf_truncate_signed                  0x00000000   Number         0  stubs.o ABSOLUTE
    _printf_truncate_unsigned                0x00000000   Number         0  stubs.o ABSOLUTE
    _printf_u                                0x00000000   Number         0  stubs.o ABSOLUTE
    _printf_wc                               0x00000000   Number         0  stubs.o ABSOLUTE
    _printf_wctomb                           0x00000000   Number         0  stubs.o ABSOLUTE
    _printf_widthprec                        0x00000000   Number         0  stubs.o ABSOLUTE
    _printf_x                                0x00000000   Number         0  stubs.o ABSOLUTE
    __arm_fini_                               - Undefined Weak Reference
    __cpp_initialize__aeabi_                  - Undefined Weak Reference
    __cxa_finalize                            - Undefined Weak Reference
    __decompress                              - Undefined Weak Reference
    _clock_init                               - Undefined Weak Reference
    _microlib_exit                            - Undefined Weak Reference
    _scanf_longlong                           - Undefined Weak Reference
    _scanf_real                               - Undefined Weak Reference
    __Vectors_Size                           0x000000ec   Number         0  startup_stm32f10x_md.o ABSOLUTE
    __Vectors                                0x08000000   Data           4  startup_stm32f10x_md.o(RESET)
    __Vectors_End                            0x080000ec   Data           0  startup_stm32f10x_md.o(RESET)
    __main                                   0x080000ed   Thumb Code     0  entry.o(.ARM.Collect$$$$00000000)
    _main_stk                                0x080000ed   Thumb Code     0  entry2.o(.ARM.Collect$$$$00000001)
    _main_scatterload                        0x080000f1   Thumb Code     0  entry5.o(.ARM.Collect$$$$00000004)
    __main_after_scatterload                 0x080000f5   Thumb Code     0  entry5.o(.ARM.Collect$$$$00000004)
    _main_clock                              0x080000f5   Thumb Code     0  entry7b.o(.ARM.Collect$$$$00000008)
    _main_cpp_init                           0x080000f5   Thumb Code     0  entry8b.o(.ARM.Collect$$$$0000000A)
    _main_init                               0x080000f5   Thumb Code     0  entry9a.o(.ARM.Collect$$$$0000000B)
    __rt_lib_shutdown_fini                   0x080000fd   Thumb Code     0  entry12b.o(.ARM.Collect$$$$0000000E)
    __rt_final_cpp                           0x08000101   Thumb Code     0  entry10a.o(.ARM.Collect$$$$0000000F)
    __rt_final_exit                          0x08000101   Thumb Code     0  entry11a.o(.ARM.Collect$$$$00000011)
    NMI_Handler                              0x08000105   Thumb Code     2  stm32f10x_it.o(.text)
    HardFault_Handler                        0x08000107   Thumb Code    12  stm32f10x_it.o(.text)
    MemManage_Handler                        0x08000113   Thumb Code    12  stm32f10x_it.o(.text)
    BusFault_Handler                         0x0800011f   Thumb Code    12  stm32f10x_it.o(.text)
    UsageFault_Handler                       0x0800012b   Thumb Code    12  stm32f10x_it.o(.text)
    SVC_Handler                              0x08000137   Thumb Code     2  stm32f10x_it.o(.text)
    DebugMon_Handler                         0x08000139   Thumb Code     2  stm32f10x_it.o(.text)
    SysTick_Handler                          0x0800013b   Thumb Code     2  stm32f10x_it.o(.text)
    EXTI0_IRQHandler                         0x0800013d   Thumb Code     2  stm32f10x_it.o(.text)
    RTC_IRQHandler                           0x0800013f   Thumb Code     2  stm32f10x_it.o(.text)
    SystemInit                               0x08000317   Thumb Code    78  system_stm32f10x.o(.text)
    SystemCoreClockUpdate                    0x08000365   Thumb Code   142  system_stm32f10x.o(.text)
    Reset_Handler                            0x08000419   Thumb Code     8  startup_stm32f10x_md.o(.text)
    PendSV_Handler                           0x0800042f   Thumb Code     2  startup_stm32f10x_md.o(.text)
    ADC1_2_IRQHandler                        0x08000433   Thumb Code     0  startup_stm32f10x_md.o(.text)
    CAN1_RX1_IRQHandler                      0x08000433   Thumb Code     0  startup_stm32f10x_md.o(.text)
    CAN1_SCE_IRQHandler                      0x08000433   Thumb Code     0  startup_stm32f10x_md.o(.text)
    DMA1_Channel1_IRQHandler                 0x08000433   Thumb Code     0  startup_stm32f10x_md.o(.text)
    DMA1_Channel2_IRQHandler                 0x08000433   Thumb Code     0  startup_stm32f10x_md.o(.text)
    DMA1_Channel3_IRQHandler                 0x08000433   Thumb Code     0  startup_stm32f10x_md.o(.text)
    DMA1_Channel4_IRQHandler                 0x08000433   Thumb Code     0  startup_stm32f10x_md.o(.text)
    DMA1_Channel5_IRQHandler                 0x08000433   Thumb Code     0  startup_stm32f10x_md.o(.text)
    DMA1_Channel6_IRQHandler                 0x08000433   Thumb Code     0  startup_stm32f10x_md.o(.text)
    DMA1_Channel7_IRQHandler                 0x08000433   Thumb Code     0  startup_stm32f10x_md.o(.text)
    EXTI2_IRQHandler                         0x08000433   Thumb Code     0  startup_stm32f10x_md.o(.text)
    EXTI3_IRQHandler                         0x08000433   Thumb Code     0  startup_stm32f10x_md.o(.text)
    EXTI4_IRQHandler                         0x08000433   Thumb Code     0  startup_stm32f10x_md.o(.text)
    EXTI9_5_IRQHandler                       0x08000433   Thumb Code     0  startup_stm32f10x_md.o(.text)
    FLASH_IRQHandler                         0x08000433   Thumb Code     0  startup_stm32f10x_md.o(.text)
    I2C1_ER_IRQHandler                       0x08000433   Thumb Code     0  startup_stm32f10x_md.o(.text)
    I2C1_EV_IRQHandler                       0x08000433   Thumb Code     0  startup_stm32f10x_md.o(.text)
    I2C2_ER_IRQHandler                       0x08000433   Thumb Code     0  startup_stm32f10x_md.o(.text)
    I2C2_EV_IRQHandler                       0x08000433   Thumb Code     0  startup_stm32f10x_md.o(.text)
    PVD_IRQHandler                           0x08000433   Thumb Code     0  startup_stm32f10x_md.o(.text)
    RCC_IRQHandler                           0x08000433   Thumb Code     0  startup_stm32f10x_md.o(.text)
    RTCAlarm_IRQHandler                      0x08000433   Thumb Code     0  startup_stm32f10x_md.o(.text)
    SPI1_IRQHandler                          0x08000433   Thumb Code     0  startup_stm32f10x_md.o(.text)
    SPI2_IRQHandler                          0x08000433   Thumb Code     0  startup_stm32f10x_md.o(.text)
    TAMPER_IRQHandler                        0x08000433   Thumb Code     0  startup_stm32f10x_md.o(.text)
    TIM1_BRK_IRQHandler                      0x08000433   Thumb Code     0  startup_stm32f10x_md.o(.text)
    TIM1_CC_IRQHandler                       0x08000433   Thumb Code     0  startup_stm32f10x_md.o(.text)
    TIM1_TRG_COM_IRQHandler                  0x08000433   Thumb Code     0  startup_stm32f10x_md.o(.text)
    TIM1_UP_IRQHandler                       0x08000433   Thumb Code     0  startup_stm32f10x_md.o(.text)
    TIM2_IRQHandler                          0x08000433   Thumb Code     0  startup_stm32f10x_md.o(.text)
    TIM3_IRQHandler                          0x08000433   Thumb Code     0  startup_stm32f10x_md.o(.text)
    TIM4_IRQHandler                          0x08000433   Thumb Code     0  startup_stm32f10x_md.o(.text)
    USART3_IRQHandler                        0x08000433   Thumb Code     0  startup_stm32f10x_md.o(.text)
    USBWakeUp_IRQHandler                     0x08000433   Thumb Code     0  startup_stm32f10x_md.o(.text)
    USB_HP_CAN1_TX_IRQHandler                0x08000433   Thumb Code     0  startup_stm32f10x_md.o(.text)
    USB_LP_CAN1_RX0_IRQHandler               0x08000433   Thumb Code     0  startup_stm32f10x_md.o(.text)
    WWDG_IRQHandler                          0x08000433   Thumb Code     0  startup_stm32f10x_md.o(.text)
    NVIC_PriorityGroupConfig                 0x0800043d   Thumb Code    10  misc.o(.text)
    NVIC_Init                                0x08000447   Thumb Code   100  misc.o(.text)
    NVIC_SetVectorTable                      0x080004ab   Thumb Code    14  misc.o(.text)
    NVIC_SystemLPConfig                      0x080004b9   Thumb Code    34  misc.o(.text)
    SysTick_CLKSourceConfig                  0x080004db   Thumb Code    40  misc.o(.text)
    GPIO_DeInit                              0x08000519   Thumb Code   172  stm32f10x_gpio.o(.text)
    GPIO_AFIODeInit                          0x080005c5   Thumb Code    20  stm32f10x_gpio.o(.text)
    GPIO_Init                                0x080005d9   Thumb Code   278  stm32f10x_gpio.o(.text)
    GPIO_StructInit                          0x080006ef   Thumb Code    16  stm32f10x_gpio.o(.text)
    GPIO_ReadInputDataBit                    0x080006ff   Thumb Code    18  stm32f10x_gpio.o(.text)
    GPIO_ReadInputData                       0x08000711   Thumb Code     8  stm32f10x_gpio.o(.text)
    GPIO_ReadOutputDataBit                   0x08000719   Thumb Code    18  stm32f10x_gpio.o(.text)
    GPIO_ReadOutputData                      0x0800072b   Thumb Code     8  stm32f10x_gpio.o(.text)
    GPIO_SetBits                             0x08000733   Thumb Code     4  stm32f10x_gpio.o(.text)
    GPIO_ResetBits                           0x08000737   Thumb Code     4  stm32f10x_gpio.o(.text)
    GPIO_WriteBit                            0x0800073b   Thumb Code    10  stm32f10x_gpio.o(.text)
    GPIO_Write                               0x08000745   Thumb Code     4  stm32f10x_gpio.o(.text)
    GPIO_PinLockConfig                       0x08000749   Thumb Code    18  stm32f10x_gpio.o(.text)
    GPIO_EventOutputConfig                   0x0800075b   Thumb Code    26  stm32f10x_gpio.o(.text)
    GPIO_EventOutputCmd                      0x08000775   Thumb Code     6  stm32f10x_gpio.o(.text)
    GPIO_PinRemapConfig                      0x0800077b   Thumb Code   138  stm32f10x_gpio.o(.text)
    GPIO_EXTILineConfig                      0x08000805   Thumb Code    66  stm32f10x_gpio.o(.text)
    GPIO_ETH_MediaInterfaceConfig            0x08000847   Thumb Code     8  stm32f10x_gpio.o(.text)
    RCC_DeInit                               0x08000875   Thumb Code    64  stm32f10x_rcc.o(.text)
    RCC_HSEConfig                            0x080008b5   Thumb Code    70  stm32f10x_rcc.o(.text)
    RCC_GetFlagStatus                        0x080008fb   Thumb Code    56  stm32f10x_rcc.o(.text)
    RCC_WaitForHSEStartUp                    0x08000933   Thumb Code    56  stm32f10x_rcc.o(.text)
    RCC_AdjustHSICalibrationValue            0x0800096b   Thumb Code    20  stm32f10x_rcc.o(.text)
    RCC_HSICmd                               0x0800097f   Thumb Code     6  stm32f10x_rcc.o(.text)
    RCC_PLLConfig                            0x08000985   Thumb Code    24  stm32f10x_rcc.o(.text)
    RCC_PLLCmd                               0x0800099d   Thumb Code     6  stm32f10x_rcc.o(.text)
    RCC_SYSCLKConfig                         0x080009a3   Thumb Code    18  stm32f10x_rcc.o(.text)
    RCC_GetSYSCLKSource                      0x080009b5   Thumb Code    10  stm32f10x_rcc.o(.text)
    RCC_HCLKConfig                           0x080009bf   Thumb Code    18  stm32f10x_rcc.o(.text)
    RCC_PCLK1Config                          0x080009d1   Thumb Code    18  stm32f10x_rcc.o(.text)
    RCC_PCLK2Config                          0x080009e3   Thumb Code    20  stm32f10x_rcc.o(.text)
    RCC_ITConfig                             0x080009f7   Thumb Code    26  stm32f10x_rcc.o(.text)
    RCC_USBCLKConfig                         0x08000a11   Thumb Code     8  stm32f10x_rcc.o(.text)
    RCC_ADCCLKConfig                         0x08000a19   Thumb Code    18  stm32f10x_rcc.o(.text)
    RCC_LSEConfig                            0x08000a2b   Thumb Code    50  stm32f10x_rcc.o(.text)
    RCC_LSICmd                               0x08000a5d   Thumb Code     6  stm32f10x_rcc.o(.text)
    RCC_RTCCLKConfig                         0x08000a63   Thumb Code    12  stm32f10x_rcc.o(.text)
    RCC_RTCCLKCmd                            0x08000a6f   Thumb Code     8  stm32f10x_rcc.o(.text)
    RCC_GetClocksFreq                        0x08000a77   Thumb Code   192  stm32f10x_rcc.o(.text)
    RCC_AHBPeriphClockCmd                    0x08000b37   Thumb Code    26  stm32f10x_rcc.o(.text)
    RCC_APB2PeriphClockCmd                   0x08000b51   Thumb Code    26  stm32f10x_rcc.o(.text)
    RCC_APB1PeriphClockCmd                   0x08000b6b   Thumb Code    26  stm32f10x_rcc.o(.text)
    RCC_APB2PeriphResetCmd                   0x08000b85   Thumb Code    26  stm32f10x_rcc.o(.text)
    RCC_APB1PeriphResetCmd                   0x08000b9f   Thumb Code    26  stm32f10x_rcc.o(.text)
    RCC_BackupResetCmd                       0x08000bb9   Thumb Code     8  stm32f10x_rcc.o(.text)
    RCC_ClockSecuritySystemCmd               0x08000bc1   Thumb Code     6  stm32f10x_rcc.o(.text)
    RCC_MCOConfig                            0x08000bc7   Thumb Code     6  stm32f10x_rcc.o(.text)
    RCC_ClearFlag                            0x08000bcd   Thumb Code    14  stm32f10x_rcc.o(.text)
    RCC_GetITStatus                          0x08000bdb   Thumb Code    20  stm32f10x_rcc.o(.text)
    RCC_ClearITPendingBit                    0x08000bef   Thumb Code     6  stm32f10x_rcc.o(.text)
    USART_DeInit                             0x08000c19   Thumb Code   134  stm32f10x_usart.o(.text)
    USART_Init                               0x08000c9f   Thumb Code   210  stm32f10x_usart.o(.text)
    USART_StructInit                         0x08000d71   Thumb Code    24  stm32f10x_usart.o(.text)
    USART_ClockInit                          0x08000d89   Thumb Code    34  stm32f10x_usart.o(.text)
    USART_ClockStructInit                    0x08000dab   Thumb Code    12  stm32f10x_usart.o(.text)
    USART_Cmd                                0x08000db7   Thumb Code    24  stm32f10x_usart.o(.text)
    USART_ITConfig                           0x08000dcf   Thumb Code    74  stm32f10x_usart.o(.text)
    USART_DMACmd                             0x08000e19   Thumb Code    18  stm32f10x_usart.o(.text)
    USART_SetAddress                         0x08000e2b   Thumb Code    18  stm32f10x_usart.o(.text)
    USART_WakeUpConfig                       0x08000e3d   Thumb Code    18  stm32f10x_usart.o(.text)
    USART_ReceiverWakeUpCmd                  0x08000e4f   Thumb Code    24  stm32f10x_usart.o(.text)
    USART_LINBreakDetectLengthConfig         0x08000e67   Thumb Code    18  stm32f10x_usart.o(.text)
    USART_LINCmd                             0x08000e79   Thumb Code    24  stm32f10x_usart.o(.text)
    USART_SendData                           0x08000e91   Thumb Code     8  stm32f10x_usart.o(.text)
    USART_ReceiveData                        0x08000e99   Thumb Code    10  stm32f10x_usart.o(.text)
    USART_SendBreak                          0x08000ea3   Thumb Code    10  stm32f10x_usart.o(.text)
    USART_SetGuardTime                       0x08000ead   Thumb Code    16  stm32f10x_usart.o(.text)
    USART_SetPrescaler                       0x08000ebd   Thumb Code    16  stm32f10x_usart.o(.text)
    USART_SmartCardCmd                       0x08000ecd   Thumb Code    24  stm32f10x_usart.o(.text)
    USART_SmartCardNACKCmd                   0x08000ee5   Thumb Code    24  stm32f10x_usart.o(.text)
    USART_HalfDuplexCmd                      0x08000efd   Thumb Code    24  stm32f10x_usart.o(.text)
    USART_OverSampling8Cmd                   0x08000f15   Thumb Code    22  stm32f10x_usart.o(.text)
    USART_OneBitMethodCmd                    0x08000f2b   Thumb Code    24  stm32f10x_usart.o(.text)
    USART_IrDAConfig                         0x08000f43   Thumb Code    18  stm32f10x_usart.o(.text)
    USART_IrDACmd                            0x08000f55   Thumb Code    24  stm32f10x_usart.o(.text)
    USART_GetFlagStatus                      0x08000f6d   Thumb Code    26  stm32f10x_usart.o(.text)
    USART_ClearFlag                          0x08000f87   Thumb Code    18  stm32f10x_usart.o(.text)
    USART_GetITStatus                        0x08000f99   Thumb Code    84  stm32f10x_usart.o(.text)
    USART_ClearITPendingBit                  0x08000fed   Thumb Code    52  stm32f10x_usart.o(.text)
    EXTI_DeInit                              0x08001021   Thumb Code    28  stm32f10x_exti.o(.text)
    EXTI_Init                                0x0800103d   Thumb Code   142  stm32f10x_exti.o(.text)
    EXTI_StructInit                          0x080010cb   Thumb Code    16  stm32f10x_exti.o(.text)
    EXTI_GenerateSWInterrupt                 0x080010db   Thumb Code    16  stm32f10x_exti.o(.text)
    EXTI_GetFlagStatus                       0x080010eb   Thumb Code    22  stm32f10x_exti.o(.text)
    EXTI_ClearFlag                           0x08001101   Thumb Code     8  stm32f10x_exti.o(.text)
    EXTI_GetITStatus                         0x08001109   Thumb Code    34  stm32f10x_exti.o(.text)
    EXTI_ClearITPendingBit                   0x0800112b   Thumb Code     8  stm32f10x_exti.o(.text)
    TIM_DeInit                               0x0800113d   Thumb Code   424  stm32f10x_tim.o(.text)
    TIM_TimeBaseInit                         0x080012e5   Thumb Code   122  stm32f10x_tim.o(.text)
    TIM_OC1Init                              0x0800135f   Thumb Code   132  stm32f10x_tim.o(.text)
    TIM_OC2Init                              0x080013e3   Thumb Code   154  stm32f10x_tim.o(.text)
    TIM_OC3Init                              0x0800147d   Thumb Code   150  stm32f10x_tim.o(.text)
    TIM_OC4Init                              0x08001513   Thumb Code   182  stm32f10x_tim.o(.text)
    TIM_SetIC4Prescaler                      0x080015c9   Thumb Code    26  stm32f10x_tim.o(.text)
    TIM_SetIC3Prescaler                      0x08001665   Thumb Code    18  stm32f10x_tim.o(.text)
    TIM_SetIC2Prescaler                      0x080016f1   Thumb Code    26  stm32f10x_tim.o(.text)
    TIM_SetIC1Prescaler                      0x0800178d   Thumb Code    18  stm32f10x_tim.o(.text)
    TIM_ICInit                               0x0800180b   Thumb Code   150  stm32f10x_tim.o(.text)
    TIM_PWMIConfig                           0x080018a1   Thumb Code   124  stm32f10x_tim.o(.text)
    TIM_BDTRConfig                           0x0800191d   Thumb Code    32  stm32f10x_tim.o(.text)
    TIM_TimeBaseStructInit                   0x0800193d   Thumb Code    18  stm32f10x_tim.o(.text)
    TIM_OCStructInit                         0x0800194f   Thumb Code    20  stm32f10x_tim.o(.text)
    TIM_ICStructInit                         0x08001963   Thumb Code    18  stm32f10x_tim.o(.text)
    TIM_BDTRStructInit                       0x08001975   Thumb Code    40  stm32f10x_tim.o(.text)
    TIM_Cmd                                  0x0800199d   Thumb Code    24  stm32f10x_tim.o(.text)
    TIM_CtrlPWMOutputs                       0x080019b5   Thumb Code    30  stm32f10x_tim.o(.text)
    TIM_ITConfig                             0x080019d3   Thumb Code    18  stm32f10x_tim.o(.text)
    TIM_GenerateEvent                        0x080019e5   Thumb Code     4  stm32f10x_tim.o(.text)
    TIM_DMAConfig                            0x080019e9   Thumb Code    10  stm32f10x_tim.o(.text)
    TIM_DMACmd                               0x080019f3   Thumb Code    18  stm32f10x_tim.o(.text)
    TIM_InternalClockConfig                  0x08001a05   Thumb Code    12  stm32f10x_tim.o(.text)
    TIM_SelectInputTrigger                   0x08001a11   Thumb Code    18  stm32f10x_tim.o(.text)
    TIM_ITRxExternalClockConfig              0x08001a23   Thumb Code    24  stm32f10x_tim.o(.text)
    TIM_TIxExternalClockConfig               0x08001a3b   Thumb Code    62  stm32f10x_tim.o(.text)
    TIM_ETRConfig                            0x08001a79   Thumb Code    28  stm32f10x_tim.o(.text)
    TIM_ETRClockMode1Config                  0x08001a95   Thumb Code    54  stm32f10x_tim.o(.text)
    TIM_ETRClockMode2Config                  0x08001acb   Thumb Code    32  stm32f10x_tim.o(.text)
    TIM_PrescalerConfig                      0x08001aeb   Thumb Code     6  stm32f10x_tim.o(.text)
    TIM_CounterModeConfig                    0x08001af1   Thumb Code    18  stm32f10x_tim.o(.text)
    TIM_EncoderInterfaceConfig               0x08001b03   Thumb Code    66  stm32f10x_tim.o(.text)
    TIM_ForcedOC1Config                      0x08001b45   Thumb Code    18  stm32f10x_tim.o(.text)
    TIM_ForcedOC2Config                      0x08001b57   Thumb Code    26  stm32f10x_tim.o(.text)
    TIM_ForcedOC3Config                      0x08001b71   Thumb Code    18  stm32f10x_tim.o(.text)
    TIM_ForcedOC4Config                      0x08001b83   Thumb Code    26  stm32f10x_tim.o(.text)
    TIM_ARRPreloadConfig                     0x08001b9d   Thumb Code    24  stm32f10x_tim.o(.text)
    TIM_SelectCOM                            0x08001bb5   Thumb Code    24  stm32f10x_tim.o(.text)
    TIM_SelectCCDMA                          0x08001bcd   Thumb Code    24  stm32f10x_tim.o(.text)
    TIM_CCPreloadControl                     0x08001be5   Thumb Code    24  stm32f10x_tim.o(.text)
    TIM_OC1PreloadConfig                     0x08001bfd   Thumb Code    18  stm32f10x_tim.o(.text)
    TIM_OC2PreloadConfig                     0x08001c0f   Thumb Code    26  stm32f10x_tim.o(.text)
    TIM_OC3PreloadConfig                     0x08001c29   Thumb Code    18  stm32f10x_tim.o(.text)
    TIM_OC4PreloadConfig                     0x08001c3b   Thumb Code    26  stm32f10x_tim.o(.text)
    TIM_OC1FastConfig                        0x08001c55   Thumb Code    18  stm32f10x_tim.o(.text)
    TIM_OC2FastConfig                        0x08001c67   Thumb Code    26  stm32f10x_tim.o(.text)
    TIM_OC3FastConfig                        0x08001c81   Thumb Code    18  stm32f10x_tim.o(.text)
    TIM_OC4FastConfig                        0x08001c93   Thumb Code    26  stm32f10x_tim.o(.text)
    TIM_ClearOC1Ref                          0x08001cad   Thumb Code    18  stm32f10x_tim.o(.text)
    TIM_ClearOC2Ref                          0x08001cbf   Thumb Code    24  stm32f10x_tim.o(.text)
    TIM_ClearOC3Ref                          0x08001cd7   Thumb Code    18  stm32f10x_tim.o(.text)
    TIM_ClearOC4Ref                          0x08001ce9   Thumb Code    24  stm32f10x_tim.o(.text)
    TIM_OC1PolarityConfig                    0x08001d01   Thumb Code    18  stm32f10x_tim.o(.text)
    TIM_OC1NPolarityConfig                   0x08001d13   Thumb Code    18  stm32f10x_tim.o(.text)
    TIM_OC2PolarityConfig                    0x08001d25   Thumb Code    26  stm32f10x_tim.o(.text)
    TIM_OC2NPolarityConfig                   0x08001d3f   Thumb Code    26  stm32f10x_tim.o(.text)
    TIM_OC3PolarityConfig                    0x08001d59   Thumb Code    26  stm32f10x_tim.o(.text)
    TIM_OC3NPolarityConfig                   0x08001d73   Thumb Code    26  stm32f10x_tim.o(.text)
    TIM_OC4PolarityConfig                    0x08001d8d   Thumb Code    26  stm32f10x_tim.o(.text)
    TIM_CCxCmd                               0x08001da7   Thumb Code    30  stm32f10x_tim.o(.text)
    TIM_CCxNCmd                              0x08001dc5   Thumb Code    30  stm32f10x_tim.o(.text)
    TIM_SelectOCxM                           0x08001de3   Thumb Code    82  stm32f10x_tim.o(.text)
    TIM_UpdateDisableConfig                  0x08001e35   Thumb Code    24  stm32f10x_tim.o(.text)
    TIM_UpdateRequestConfig                  0x08001e4d   Thumb Code    24  stm32f10x_tim.o(.text)
    TIM_SelectHallSensor                     0x08001e65   Thumb Code    24  stm32f10x_tim.o(.text)
    TIM_SelectOnePulseMode                   0x08001e7d   Thumb Code    18  stm32f10x_tim.o(.text)
    TIM_SelectOutputTrigger                  0x08001e8f   Thumb Code    18  stm32f10x_tim.o(.text)
    TIM_SelectSlaveMode                      0x08001ea1   Thumb Code    18  stm32f10x_tim.o(.text)
    TIM_SelectMasterSlaveMode                0x08001eb3   Thumb Code    18  stm32f10x_tim.o(.text)
    TIM_SetCounter                           0x08001ec5   Thumb Code     4  stm32f10x_tim.o(.text)
    TIM_SetAutoreload                        0x08001ec9   Thumb Code     4  stm32f10x_tim.o(.text)
    TIM_SetCompare1                          0x08001ecd   Thumb Code     4  stm32f10x_tim.o(.text)
    TIM_SetCompare2                          0x08001ed1   Thumb Code     4  stm32f10x_tim.o(.text)
    TIM_SetCompare3                          0x08001ed5   Thumb Code     4  stm32f10x_tim.o(.text)
    TIM_SetCompare4                          0x08001ed9   Thumb Code     6  stm32f10x_tim.o(.text)
    TIM_SetClockDivision                     0x08001edf   Thumb Code    18  stm32f10x_tim.o(.text)
    TIM_GetCapture1                          0x08001ef1   Thumb Code     6  stm32f10x_tim.o(.text)
    TIM_GetCapture2                          0x08001ef7   Thumb Code     6  stm32f10x_tim.o(.text)
    TIM_GetCapture3                          0x08001efd   Thumb Code     6  stm32f10x_tim.o(.text)
    TIM_GetCapture4                          0x08001f03   Thumb Code     8  stm32f10x_tim.o(.text)
    TIM_GetCounter                           0x08001f0b   Thumb Code     6  stm32f10x_tim.o(.text)
    TIM_GetPrescaler                         0x08001f11   Thumb Code     6  stm32f10x_tim.o(.text)
    TIM_GetFlagStatus                        0x08001f17   Thumb Code    18  stm32f10x_tim.o(.text)
    TIM_ClearFlag                            0x08001f29   Thumb Code     6  stm32f10x_tim.o(.text)
    TIM_GetITStatus                          0x08001f2f   Thumb Code    34  stm32f10x_tim.o(.text)
    TIM_ClearITPendingBit                    0x08001f51   Thumb Code     6  stm32f10x_tim.o(.text)
    Delay_Init                               0x08001f59   Thumb Code    48  delay.o(.text)
    DelayUs                                  0x08001f89   Thumb Code    60  delay.o(.text)
    DelayXms                                 0x08001fc5   Thumb Code    62  delay.o(.text)
    DelayMs                                  0x08002003   Thumb Code    60  delay.o(.text)
    Usart1_Init                              0x08002049   Thumb Code   166  usart.o(.text)
    Usart2_Init                              0x080020ef   Thumb Code   162  usart.o(.text)
    Usart_SendString                         0x08002191   Thumb Code    50  usart.o(.text)
    UsartPrintf                              0x080021c3   Thumb Code    72  usart.o(.text)
    USART1_IRQHandler                        0x0800220b   Thumb Code    24  usart.o(.text)
    Led_Set                                  0x08002231   Thumb Code    24  led.o(.text)
    Led_Init                                 0x08002249   Thumb Code    44  led.o(.text)
    Key_Init                                 0x0800227d   Thumb Code   158  key.o(.text)
    EXTI1_IRQHandler                         0x0800231b   Thumb Code    48  key.o(.text)
    EXTI15_10_IRQHandler                     0x0800234b   Thumb Code    60  key.o(.text)
    DHT11_Rst                                0x08002395   Thumb Code    58  dht11.o(.text)
    DHT11_Check                              0x080023cf   Thumb Code   100  dht11.o(.text)
    DHT11_Read_Bit                           0x08002433   Thumb Code    82  dht11.o(.text)
    DHT11_Read_Byte                          0x08002485   Thumb Code    30  dht11.o(.text)
    DHT11_Read_Data                          0x080024a3   Thumb Code    88  dht11.o(.text)
    DHT11_Init                               0x080024fb   Thumb Code    54  dht11.o(.text)
    OLED_I2C_Stop                            0x08002553   Thumb Code    48  oled.o(.text)
    OLED_I2C_SendByte                        0x08002583   Thumb Code   108  oled.o(.text)
    OLED_I2C_Start                           0x080025ef   Thumb Code    60  oled.o(.text)
    OLED_I2C_Init                            0x080026e1   Thumb Code    76  oled.o(.text)
    OLED_WriteCommand                        0x0800272d   Thumb Code    26  oled.o(.text)
    OLED_WriteData                           0x08002747   Thumb Code    26  oled.o(.text)
    OLED_SetCursor                           0x08002761   Thumb Code    34  oled.o(.text)
    OLED_Flush                               0x08002783   Thumb Code   112  oled.o(.text)
    OLED_Clear                               0x080027f3   Thumb Code    60  oled.o(.text)
    OLED_ShowChar                            0x0800282f   Thumb Code   168  oled.o(.text)
    OLED_ShowString                          0x080028d7   Thumb Code    56  oled.o(.text)
    OLED_ShowCustom8x16                      0x0800290f   Thumb Code   166  oled.o(.text)
    OLED_Pow                                 0x080029b5   Thumb Code    20  oled.o(.text)
    OLED_ShowNum                             0x080029c9   Thumb Code    68  oled.o(.text)
    OLED_ShowSignedNum                       0x08002a0d   Thumb Code   102  oled.o(.text)
    OLED_ShowHexNum                          0x08002a73   Thumb Code    84  oled.o(.text)
    OLED_ShowBinNum                          0x08002ac7   Thumb Code    62  oled.o(.text)
    OLED_Init                                0x08002b05   Thumb Code   178  oled.o(.text)
    Motor_Init                               0x08002bbd   Thumb Code    42  motor.o(.text)
    Motor_SetSpeed                           0x08002be7   Thumb Code    32  motor.o(.text)
    PWM_Init                                 0x08002c11   Thumb Code   146  pwm.o(.text)
    PWM_Setcompare2                          0x08002ca3   Thumb Code    16  pwm.o(.text)
    Hardware_Init                            0x08002cbd   Thumb Code   134  main.o(.text)
    main                                     0x08002e81   Thumb Code   494  main.o(.text)
    OneNET_RegisterDevice                    0x0800340f   Thumb Code   216  onenet.o(.text)
    OneNet_DevLink                           0x080034e7   Thumb Code   242  onenet.o(.text)
    OneNet_FillBuf                           0x080035d9   Thumb Code  1018  onenet.o(.text)
    OneNet_SendData                          0x080039d3   Thumb Code   134  onenet.o(.text)
    OneNET_Publish                           0x08003a59   Thumb Code    86  onenet.o(.text)
    OneNET_Subscribe                         0x08003aaf   Thumb Code   120  onenet.o(.text)
    OneNet_RevPro                            0x08003b27   Thumb Code   476  onenet.o(.text)
    ft                                       0x08003f39   Thumb Code    76  hmac_sha1.o(.text)
    k                                        0x08003f85   Thumb Code    34  hmac_sha1.o(.text)
    rotr                                     0x08003fa7   Thumb Code    40  hmac_sha1.o(.text)
    rotl                                     0x08003fcf   Thumb Code    46  hmac_sha1.o(.text)
    sha1                                     0x08003ffd   Thumb Code   632  hmac_sha1.o(.text)
    hmac_sha1                                0x08004275   Thumb Code   330  hmac_sha1.o(.text)
    BASE64_Encode                            0x080043c1   Thumb Code   320  base64.o(.text)
    BASE64_Decode                            0x08004501   Thumb Code   360  base64.o(.text)
    MQTT_NewBuffer                           0x08004671   Thumb Code    88  mqttkit.o(.text)
    MQTT_DeleteBuffer                        0x080046c9   Thumb Code    28  mqttkit.o(.text)
    MQTT_DumpLength                          0x080046e5   Thumb Code    46  mqttkit.o(.text)
    MQTT_ReadLength                          0x08004713   Thumb Code    70  mqttkit.o(.text)
    MQTT_UnPacketRecv                        0x08004759   Thumb Code   106  mqttkit.o(.text)
    MQTT_PacketConnect                       0x080047c3   Thumb Code   666  mqttkit.o(.text)
    MQTT_PacketDisConnect                    0x08004a5d   Thumb Code    48  mqttkit.o(.text)
    MQTT_UnPacketConnectAck                  0x08004a8d   Thumb Code    30  mqttkit.o(.text)
    MQTT_PacketPublish                       0x08004aab   Thumb Code   452  mqttkit.o(.text)
    MQTT_PacketSaveData                      0x08004c6f   Thumb Code    68  mqttkit.o(.text)
    MQTT_PacketSaveBinData                   0x08004cb3   Thumb Code   192  mqttkit.o(.text)
    MQTT_UnPacketCmd                         0x08004d73   Thumb Code   140  mqttkit.o(.text)
    MQTT_PacketCmdResp                       0x08004dff   Thumb Code   132  mqttkit.o(.text)
    MQTT_PacketSubscribe                     0x08004e83   Thumb Code   254  mqttkit.o(.text)
    MQTT_UnPacketSubscribe                   0x08004f81   Thumb Code    52  mqttkit.o(.text)
    MQTT_PacketUnSubscribe                   0x08004fb5   Thumb Code   300  mqttkit.o(.text)
    MQTT_UnPacketUnSubscribe                 0x080050e1   Thumb Code    18  mqttkit.o(.text)
    MQTT_UnPacketPublish                     0x080050f3   Thumb Code   440  mqttkit.o(.text)
    MQTT_PacketPublishAck                    0x080052ab   Thumb Code    72  mqttkit.o(.text)
    MQTT_UnPacketPublishAck                  0x080052f3   Thumb Code    30  mqttkit.o(.text)
    MQTT_PacketPublishRec                    0x08005311   Thumb Code    72  mqttkit.o(.text)
    MQTT_UnPacketPublishRec                  0x08005359   Thumb Code    30  mqttkit.o(.text)
    MQTT_PacketPublishRel                    0x08005377   Thumb Code    72  mqttkit.o(.text)
    MQTT_UnPacketPublishRel                  0x080053bf   Thumb Code    36  mqttkit.o(.text)
    MQTT_PacketPublishComp                   0x080053e3   Thumb Code    72  mqttkit.o(.text)
    MQTT_UnPacketPublishComp                 0x0800542b   Thumb Code    30  mqttkit.o(.text)
    MQTT_PacketPing                          0x08005449   Thumb Code    48  mqttkit.o(.text)
    ESP8266_Clear                            0x08005479   Thumb Code    20  esp8266.o(.text)
    ESP8266_WaitRecive                       0x0800548d   Thumb Code    42  esp8266.o(.text)
    ESP8266_SendCmd                          0x080054b7   Thumb Code    98  esp8266.o(.text)
    ESP8266_SendData                         0x08005519   Thumb Code    56  esp8266.o(.text)
    ESP8266_GetIPD                           0x08005551   Thumb Code    78  esp8266.o(.text)
    ESP8266_Init                             0x0800559f   Thumb Code   250  esp8266.o(.text)
    USART2_IRQHandler                        0x08005699   Thumb Code    74  esp8266.o(.text)
    ESP8266_GetTxBytes                       0x080056e3   Thumb Code     6  esp8266.o(.text)
    ESP8266_GetRxBytes                       0x080056e9   Thumb Code     6  esp8266.o(.text)
    ESP8266_GetIpdPackets                    0x080056ef   Thumb Code     6  esp8266.o(.text)
    ESP8266_GetSendCmdOkCount                0x080056f5   Thumb Code     6  esp8266.o(.text)
    ESP8266_GetSendCmdFailCount              0x080056fb   Thumb Code     6  esp8266.o(.text)
    ESP8266_ResetStats                       0x08005701   Thumb Code    24  esp8266.o(.text)
    cJSON_GetErrorPtr                        0x0800585d   Thumb Code     6  cjson.o(.text)
    cJSON_InitHooks                          0x080058d7   Thumb Code    48  cjson.o(.text)
    cJSON_Delete                             0x08005921   Thumb Code    82  cjson.o(.text)
    cJSON_ParseWithOpts                      0x0800648d   Thumb Code   152  cjson.o(.text)
    cJSON_Parse                              0x08006525   Thumb Code    16  cjson.o(.text)
    cJSON_Print                              0x08006cb5   Thumb Code    18  cjson.o(.text)
    cJSON_PrintUnformatted                   0x08006cc7   Thumb Code    18  cjson.o(.text)
    cJSON_PrintBuffered                      0x08006cd9   Thumb Code    52  cjson.o(.text)
    cJSON_GetArraySize                       0x08006d0d   Thumb Code    18  cjson.o(.text)
    cJSON_GetArrayItem                       0x08006d1f   Thumb Code    18  cjson.o(.text)
    cJSON_GetObjectItem                      0x08006d31   Thumb Code    30  cjson.o(.text)
    cJSON_AddItemToArray                     0x08006d85   Thumb Code    42  cjson.o(.text)
    cJSON_AddItemToObject                    0x08006daf   Thumb Code    44  cjson.o(.text)
    cJSON_AddItemToObjectCS                  0x08006ddb   Thumb Code    54  cjson.o(.text)
    cJSON_AddItemReferenceToArray            0x08006e11   Thumb Code    24  cjson.o(.text)
    cJSON_AddItemReferenceToObject           0x08006e29   Thumb Code    32  cjson.o(.text)
    cJSON_DetachItemFromArray                0x08006e49   Thumb Code    66  cjson.o(.text)
    cJSON_DeleteItemFromArray                0x08006e8b   Thumb Code    22  cjson.o(.text)
    cJSON_DetachItemFromObject               0x08006ea1   Thumb Code    50  cjson.o(.text)
    cJSON_DeleteItemFromObject               0x08006ed3   Thumb Code    22  cjson.o(.text)
    cJSON_InsertItemInArray                  0x08006ee9   Thumb Code    64  cjson.o(.text)
    cJSON_ReplaceItemInArray                 0x08006f29   Thumb Code    76  cjson.o(.text)
    cJSON_ReplaceItemInObject                0x08006f75   Thumb Code    62  cjson.o(.text)
    cJSON_CreateNull                         0x08006fb3   Thumb Code    18  cjson.o(.text)
    cJSON_CreateTrue                         0x08006fc5   Thumb Code    18  cjson.o(.text)
    cJSON_CreateFalse                        0x08006fd7   Thumb Code    18  cjson.o(.text)
    cJSON_CreateBool                         0x08006fe9   Thumb Code    26  cjson.o(.text)
    cJSON_CreateNumber                       0x08007003   Thumb Code    36  cjson.o(.text)
    cJSON_CreateString                       0x08007027   Thumb Code    28  cjson.o(.text)
    cJSON_CreateArray                        0x08007043   Thumb Code    18  cjson.o(.text)
    cJSON_CreateObject                       0x08007055   Thumb Code    18  cjson.o(.text)
    cJSON_CreateIntArray                     0x08007067   Thumb Code    68  cjson.o(.text)
    cJSON_CreateFloatArray                   0x080070ab   Thumb Code    68  cjson.o(.text)
    cJSON_CreateDoubleArray                  0x080070ef   Thumb Code    68  cjson.o(.text)
    cJSON_CreateStringArray                  0x08007133   Thumb Code    62  cjson.o(.text)
    cJSON_Duplicate                          0x08007171   Thumb Code   178  cjson.o(.text)
    cJSON_Minify                             0x08007223   Thumb Code   186  cjson.o(.text)
    tolower                                  0x080072dd   Thumb Code    12  tolower.o(.text)
    __aeabi_memcpy                           0x080072e9   Thumb Code    36  memcpya.o(.text)
    __aeabi_memcpy4                          0x080072e9   Thumb Code     0  memcpya.o(.text)
    __aeabi_memcpy8                          0x080072e9   Thumb Code     0  memcpya.o(.text)
    __aeabi_memset                           0x0800730d   Thumb Code    14  memseta.o(.text)
    __aeabi_memset4                          0x0800730d   Thumb Code     0  memseta.o(.text)
    __aeabi_memset8                          0x0800730d   Thumb Code     0  memseta.o(.text)
    __aeabi_memclr                           0x0800731b   Thumb Code     4  memseta.o(.text)
    __aeabi_memclr4                          0x0800731b   Thumb Code     0  memseta.o(.text)
    __aeabi_memclr8                          0x0800731b   Thumb Code     0  memseta.o(.text)
    _memset$wrapper                          0x0800731f   Thumb Code    18  memseta.o(.text)
    strcat                                   0x08007331   Thumb Code    24  strcat.o(.text)
    strstr                                   0x08007349   Thumb Code    36  strstr.o(.text)
    strchr                                   0x0800736d   Thumb Code    20  strchr.o(.text)
    strlen                                   0x08007381   Thumb Code    14  strlen.o(.text)
    strncat                                  0x0800738f   Thumb Code    40  strncat.o(.text)
    strcpy                                   0x080073b7   Thumb Code    18  strcpy.o(.text)
    strncmp                                  0x080073c9   Thumb Code    30  strncmp.o(.text)
    __0sscanf                                0x080073e9   Thumb Code    48  __0sscanf.o(.text)
    _scanf_int                               0x08007421   Thumb Code   332  _scanf_int.o(.text)
    _scanf_string                            0x0800756d   Thumb Code   224  _scanf_str.o(.text)
    __aeabi_dadd                             0x0800764d   Thumb Code   322  dadd.o(.text)
    __aeabi_dsub                             0x0800778f   Thumb Code     6  dadd.o(.text)
    __aeabi_drsub                            0x08007795   Thumb Code     6  dadd.o(.text)
    __aeabi_dmul                             0x0800779b   Thumb Code   228  dmul.o(.text)
    __aeabi_i2d                              0x0800787f   Thumb Code    34  dflti.o(.text)
    __aeabi_d2iz                             0x080078a1   Thumb Code    62  dfixi.o(.text)
    __aeabi_f2d                              0x080078df   Thumb Code    38  f2d.o(.text)
    __aeabi_cdcmpeq                          0x08007905   Thumb Code     0  cdcmple.o(.text)
    __aeabi_cdcmple                          0x08007905   Thumb Code    48  cdcmple.o(.text)
    __aeabi_cdrcmple                         0x08007935   Thumb Code    48  cdrcmple.o(.text)
    __aeabi_uidiv                            0x08007965   Thumb Code     0  uidiv.o(.text)
    __aeabi_uidivmod                         0x08007965   Thumb Code    44  uidiv.o(.text)
    __aeabi_uldivmod                         0x08007991   Thumb Code    98  uldiv.o(.text)
    __aeabi_llsl                             0x080079f3   Thumb Code    30  llshl.o(.text)
    _ll_shift_l                              0x080079f3   Thumb Code     0  llshl.o(.text)
    __aeabi_llsr                             0x08007a11   Thumb Code    32  llushr.o(.text)
    _ll_ushift_r                             0x08007a11   Thumb Code     0  llushr.o(.text)
    __aeabi_lasr                             0x08007a31   Thumb Code    36  llsshr.o(.text)
    _ll_sshift_r                             0x08007a31   Thumb Code     0  llsshr.o(.text)
    _chval                                   0x08007a55   Thumb Code    28  _chval.o(.text)
    __vfscanf_char                           0x08007a7d   Thumb Code    20  scanf_char.o(.text)
    _sgetc                                   0x08007a99   Thumb Code    30  _sgetc.o(.text)
    _sbackspace                              0x08007ab7   Thumb Code    34  _sgetc.o(.text)
    __I$use$fp                               0x08007ad9   Thumb Code     0  iusefp.o(.text)
    _double_round                            0x08007ad9   Thumb Code    30  depilogue.o(.text)
    _double_epilogue                         0x08007af7   Thumb Code   156  depilogue.o(.text)
    __aeabi_ddiv                             0x08007b93   Thumb Code   222  ddiv.o(.text)
    __ARM_scalbn                             0x08007c71   Thumb Code    46  dscalb.o(.text)
    scalbn                                   0x08007c71   Thumb Code     0  dscalb.o(.text)
    __aeabi_d2ulz                            0x08007c9f   Thumb Code    48  dfixul.o(.text)
    __scatterload                            0x08007cd1   Thumb Code    28  init.o(.text)
    __scatterload_rt2                        0x08007cd1   Thumb Code     0  init.o(.text)
    isspace                                  0x08007cf5   Thumb Code    10  isspace_c.o(.text)
    __vfscanf                                0x08007d01   Thumb Code   810  _scanf.o(.text)
    _dsqrt                                   0x08008031   Thumb Code   162  dsqrt.o(.text)
    __ctype_lookup                           0x080080d5   Thumb Code    34  ctype_c.o(.text)
    __0snprintf                              0x080080fd   Thumb Code    48  printfa.o(i.__0snprintf)
    __1snprintf                              0x080080fd   Thumb Code     0  printfa.o(i.__0snprintf)
    __2snprintf                              0x080080fd   Thumb Code     0  printfa.o(i.__0snprintf)
    __c89snprintf                            0x080080fd   Thumb Code     0  printfa.o(i.__0snprintf)
    snprintf                                 0x080080fd   Thumb Code     0  printfa.o(i.__0snprintf)
    __0sprintf                               0x08008131   Thumb Code    34  printfa.o(i.__0sprintf)
    __1sprintf                               0x08008131   Thumb Code     0  printfa.o(i.__0sprintf)
    __2sprintf                               0x08008131   Thumb Code     0  printfa.o(i.__0sprintf)
    __c89sprintf                             0x08008131   Thumb Code     0  printfa.o(i.__0sprintf)
    sprintf                                  0x08008131   Thumb Code     0  printfa.o(i.__0sprintf)
    __0vsnprintf                             0x08008159   Thumb Code    46  printfa.o(i.__0vsnprintf)
    __1vsnprintf                             0x08008159   Thumb Code     0  printfa.o(i.__0vsnprintf)
    __2vsnprintf                             0x08008159   Thumb Code     0  printfa.o(i.__0vsnprintf)
    __c89vsnprintf                           0x08008159   Thumb Code     0  printfa.o(i.__0vsnprintf)
    vsnprintf                                0x08008159   Thumb Code     0  printfa.o(i.__0vsnprintf)
    __ARM_fpclassify                         0x0800818d   Thumb Code    40  fpclassify.o(i.__ARM_fpclassify)
    __kernel_poly                            0x080081b5   Thumb Code   170  poly.o(i.__kernel_poly)
    __mathlib_dbl_divzero                    0x08008261   Thumb Code    12  dunder.o(i.__mathlib_dbl_divzero)
    __mathlib_dbl_infnan2                    0x08008271   Thumb Code     4  dunder.o(i.__mathlib_dbl_infnan2)
    __mathlib_dbl_invalid                    0x08008275   Thumb Code    12  dunder.o(i.__mathlib_dbl_invalid)
    __mathlib_dbl_overflow                   0x08008281   Thumb Code    14  dunder.o(i.__mathlib_dbl_overflow)
    __mathlib_dbl_underflow                  0x08008291   Thumb Code    10  dunder.o(i.__mathlib_dbl_underflow)
    __scatterload_copy                       0x080082a1   Thumb Code    14  handlers.o(i.__scatterload_copy)
    __scatterload_null                       0x080082af   Thumb Code     2  handlers.o(i.__scatterload_null)
    __scatterload_zeroinit                   0x080082b1   Thumb Code    14  handlers.o(i.__scatterload_zeroinit)
    __set_errno                              0x080082c1   Thumb Code     6  errno.o(i.__set_errno)
    floor                                    0x08008b79   Thumb Code   204  floor.o(i.floor)
    free                                     0x08008c55   Thumb Code    76  malloc.o(i.free)
    malloc                                   0x08008ca5   Thumb Code    92  malloc.o(i.malloc)
    pow                                      0x08008d11   Thumb Code  2512  pow.o(i.pow)
    sqrt                                     0x080096e9   Thumb Code    76  sqrt.o(i.sqrt)
    OLED_F8x16                               0x08009734   Data        1520  oled.o(.constdata)
    __mathlib_zero                           0x08009ea8   Data           8  qnan.o(.constdata)
    __ctype_categories                       0x08009eb0   Data          64  ctype_c.o(.constdata)
    Region$$Table$$Base                      0x0800a0fc   Number         0  anon$$obj.o(Region$$Table)
    Region$$Table$$Limit                     0x0800a11c   Number         0  anon$$obj.o(Region$$Table)
    SystemCoreClock                          0x20000000   Data           4  system_stm32f10x.o(.data)
    AHBPrescTable                            0x20000004   Data          16  system_stm32f10x.o(.data)
    UsCount                                  0x20000028   Data           1  delay.o(.data)
    MsCount                                  0x2000002a   Data           2  delay.o(.data)
    led_info                                 0x2000002c   Data           1  led.o(.data)
    fan_speed                                0x2000003e   Data           1  motor.o(.data)
    temp                                     0x2000003f   Data           1  main.o(.data)
    humi                                     0x20000040   Data           1  main.o(.data)
    esp8266_cnt                              0x2000004c   Data           2  esp8266.o(.data)
    esp8266_cntPre                           0x2000004e   Data           2  esp8266.o(.data)
    __microlib_freelist                      0x20000070   Data           4  mvars.o(.data)
    __microlib_freelist_initialised          0x20000074   Data           4  mvars.o(.data)
    devid                                    0x2000047c   Data          16  onenet.o(.bss)
    key                                      0x2000048c   Data          48  onenet.o(.bss)
    esp8266_buf                              0x200004bc   Data         512  esp8266.o(.bss)
    __heap_base                              0x200006c0   Data           0  startup_stm32f10x_md.o(HEAP)
    __heap_limit                             0x200008c0   Data           0  startup_stm32f10x_md.o(HEAP)
    __initial_sp                             0x200010c0   Data           0  startup_stm32f10x_md.o(STACK)



==============================================================================

Memory Map of the image

  Image Entry point : 0x080000ed

  Load Region LR_IROM1 (Base: 0x08000000, Size: 0x0000a198, Max: 0x00010000, ABSOLUTE)

    Execution Region ER_IROM1 (Exec base: 0x08000000, Load base: 0x08000000, Size: 0x0000a11c, Max: 0x00010000, ABSOLUTE)

    Exec Addr    Load Addr    Size         Type   Attr      Idx    E Section Name        Object

    0x08000000   0x08000000   0x000000ec   Data   RO          139    RESET               startup_stm32f10x_md.o
    0x080000ec   0x080000ec   0x00000000   Code   RO          605  * .ARM.Collect$$$$00000000  mc_w.l(entry.o)
    0x080000ec   0x080000ec   0x00000004   Code   RO          966    .ARM.Collect$$$$00000001  mc_w.l(entry2.o)
    0x080000f0   0x080000f0   0x00000004   Code   RO          969    .ARM.Collect$$$$00000004  mc_w.l(entry5.o)
    0x080000f4   0x080000f4   0x00000000   Code   RO          971    .ARM.Collect$$$$00000008  mc_w.l(entry7b.o)
    0x080000f4   0x080000f4   0x00000000   Code   RO          973    .ARM.Collect$$$$0000000A  mc_w.l(entry8b.o)
    0x080000f4   0x080000f4   0x00000008   Code   RO          974    .ARM.Collect$$$$0000000B  mc_w.l(entry9a.o)
    0x080000fc   0x080000fc   0x00000004   Code   RO          981    .ARM.Collect$$$$0000000E  mc_w.l(entry12b.o)
    0x08000100   0x08000100   0x00000000   Code   RO          976    .ARM.Collect$$$$0000000F  mc_w.l(entry10a.o)
    0x08000100   0x08000100   0x00000000   Code   RO          978    .ARM.Collect$$$$00000011  mc_w.l(entry11a.o)
    0x08000100   0x08000100   0x00000004   Code   RO          967    .ARM.Collect$$$$00002712  mc_w.l(entry2.o)
    0x08000104   0x08000104   0x00000134   Code   RO           17    .text               stm32f10x_it.o
    0x08000238   0x08000238   0x000001e0   Code   RO          119    .text               system_stm32f10x.o
    0x08000418   0x08000418   0x00000024   Code   RO          140    .text               startup_stm32f10x_md.o
    0x0800043c   0x0800043c   0x000000dc   Code   RO          144    .text               misc.o
    0x08000518   0x08000518   0x0000035c   Code   RO          182    .text               stm32f10x_gpio.o
    0x08000874   0x08000874   0x000003a4   Code   RO          194    .text               stm32f10x_rcc.o
    0x08000c18   0x08000c18   0x00000408   Code   RO          208    .text               stm32f10x_usart.o
    0x08001020   0x08001020   0x0000011c   Code   RO          220    .text               stm32f10x_exti.o
    0x0800113c   0x0800113c   0x00000e1a   Code   RO          232    .text               stm32f10x_tim.o
    0x08001f56   0x08001f56   0x00000002   PAD
    0x08001f58   0x08001f58   0x000000f0   Code   RO          244    .text               delay.o
    0x08002048   0x08002048   0x000001e8   Code   RO          262    .text               usart.o
    0x08002230   0x08002230   0x0000004c   Code   RO          284    .text               led.o
    0x0800227c   0x0800227c   0x00000118   Code   RO          302    .text               key.o
    0x08002394   0x08002394   0x000001a0   Code   RO          325    .text               dht11.o
    0x08002534   0x08002534   0x00000688   Code   RO          340    .text               oled.o
    0x08002bbc   0x08002bbc   0x00000054   Code   RO          363    .text               motor.o
    0x08002c10   0x08002c10   0x000000a8   Code   RO          384    .text               pwm.o
    0x08002cb8   0x08002cb8   0x00000544   Code   RO          396    .text               main.o
    0x080031fc   0x080031fc   0x00000d3c   Code   RO          419    .text               onenet.o
    0x08003f38   0x08003f38   0x00000486   Code   RO          465    .text               hmac_sha1.o
    0x080043be   0x080043be   0x00000002   PAD
    0x080043c0   0x080043c0   0x000002b0   Code   RO          487    .text               base64.o
    0x08004670   0x08004670   0x00000e08   Code   RO          508    .text               mqttkit.o
    0x08005478   0x08005478   0x000003e4   Code   RO          536    .text               esp8266.o
    0x0800585c   0x0800585c   0x00001a80   Code   RO          556    .text               cjson.o
    0x080072dc   0x080072dc   0x0000000c   Code   RO          608    .text               mc_w.l(tolower.o)
    0x080072e8   0x080072e8   0x00000024   Code   RO          610    .text               mc_w.l(memcpya.o)
    0x0800730c   0x0800730c   0x00000024   Code   RO          612    .text               mc_w.l(memseta.o)
    0x08007330   0x08007330   0x00000018   Code   RO          614    .text               mc_w.l(strcat.o)
    0x08007348   0x08007348   0x00000024   Code   RO          616    .text               mc_w.l(strstr.o)
    0x0800736c   0x0800736c   0x00000014   Code   RO          618    .text               mc_w.l(strchr.o)
    0x08007380   0x08007380   0x0000000e   Code   RO          620    .text               mc_w.l(strlen.o)
    0x0800738e   0x0800738e   0x00000028   Code   RO          622    .text               mc_w.l(strncat.o)
    0x080073b6   0x080073b6   0x00000012   Code   RO          624    .text               mc_w.l(strcpy.o)
    0x080073c8   0x080073c8   0x0000001e   Code   RO          626    .text               mc_w.l(strncmp.o)
    0x080073e6   0x080073e6   0x00000002   PAD
    0x080073e8   0x080073e8   0x00000038   Code   RO          919    .text               mc_w.l(__0sscanf.o)
    0x08007420   0x08007420   0x0000014c   Code   RO          921    .text               mc_w.l(_scanf_int.o)
    0x0800756c   0x0800756c   0x000000e0   Code   RO          923    .text               mc_w.l(_scanf_str.o)
    0x0800764c   0x0800764c   0x0000014e   Code   RO          925    .text               mf_w.l(dadd.o)
    0x0800779a   0x0800779a   0x000000e4   Code   RO          927    .text               mf_w.l(dmul.o)
    0x0800787e   0x0800787e   0x00000022   Code   RO          929    .text               mf_w.l(dflti.o)
    0x080078a0   0x080078a0   0x0000003e   Code   RO          931    .text               mf_w.l(dfixi.o)
    0x080078de   0x080078de   0x00000026   Code   RO          933    .text               mf_w.l(f2d.o)
    0x08007904   0x08007904   0x00000030   Code   RO          935    .text               mf_w.l(cdcmple.o)
    0x08007934   0x08007934   0x00000030   Code   RO          937    .text               mf_w.l(cdrcmple.o)
    0x08007964   0x08007964   0x0000002c   Code   RO          985    .text               mc_w.l(uidiv.o)
    0x08007990   0x08007990   0x00000062   Code   RO          987    .text               mc_w.l(uldiv.o)
    0x080079f2   0x080079f2   0x0000001e   Code   RO          989    .text               mc_w.l(llshl.o)
    0x08007a10   0x08007a10   0x00000020   Code   RO          991    .text               mc_w.l(llushr.o)
    0x08007a30   0x08007a30   0x00000024   Code   RO          993    .text               mc_w.l(llsshr.o)
    0x08007a54   0x08007a54   0x0000001c   Code   RO         1004    .text               mc_w.l(_chval.o)
    0x08007a70   0x08007a70   0x00000028   Code   RO         1006    .text               mc_w.l(scanf_char.o)
    0x08007a98   0x08007a98   0x00000040   Code   RO         1008    .text               mc_w.l(_sgetc.o)
    0x08007ad8   0x08007ad8   0x00000000   Code   RO         1010    .text               mc_w.l(iusefp.o)
    0x08007ad8   0x08007ad8   0x000000ba   Code   RO         1011    .text               mf_w.l(depilogue.o)
    0x08007b92   0x08007b92   0x000000de   Code   RO         1013    .text               mf_w.l(ddiv.o)
    0x08007c70   0x08007c70   0x0000002e   Code   RO         1015    .text               mf_w.l(dscalb.o)
    0x08007c9e   0x08007c9e   0x00000030   Code   RO         1017    .text               mf_w.l(dfixul.o)
    0x08007cce   0x08007cce   0x00000002   PAD
    0x08007cd0   0x08007cd0   0x00000024   Code   RO         1019    .text               mc_w.l(init.o)
    0x08007cf4   0x08007cf4   0x0000000a   Code   RO         1022    .text               mc_w.l(isspace_c.o)
    0x08007cfe   0x08007cfe   0x00000002   PAD
    0x08007d00   0x08007d00   0x00000330   Code   RO         1024    .text               mc_w.l(_scanf.o)
    0x08008030   0x08008030   0x000000a2   Code   RO         1027    .text               mf_w.l(dsqrt.o)
    0x080080d2   0x080080d2   0x00000002   PAD
    0x080080d4   0x080080d4   0x00000028   Code   RO         1029    .text               mc_w.l(ctype_c.o)
    0x080080fc   0x080080fc   0x00000034   Code   RO          864    i.__0snprintf       mc_w.l(printfa.o)
    0x08008130   0x08008130   0x00000028   Code   RO          865    i.__0sprintf        mc_w.l(printfa.o)
    0x08008158   0x08008158   0x00000034   Code   RO          868    i.__0vsnprintf      mc_w.l(printfa.o)
    0x0800818c   0x0800818c   0x00000028   Code   RO          953    i.__ARM_fpclassify  m_ws.l(fpclassify.o)
    0x080081b4   0x080081b4   0x000000aa   Code   RO          955    i.__kernel_poly     m_ws.l(poly.o)
    0x0800825e   0x0800825e   0x00000002   PAD
    0x08008260   0x08008260   0x00000010   Code   RO          939    i.__mathlib_dbl_divzero  m_ws.l(dunder.o)
    0x08008270   0x08008270   0x00000004   Code   RO          941    i.__mathlib_dbl_infnan2  m_ws.l(dunder.o)
    0x08008274   0x08008274   0x0000000c   Code   RO          942    i.__mathlib_dbl_invalid  m_ws.l(dunder.o)
    0x08008280   0x08008280   0x0000000e   Code   RO          943    i.__mathlib_dbl_overflow  m_ws.l(dunder.o)
    0x0800828e   0x0800828e   0x00000002   PAD
    0x08008290   0x08008290   0x00000010   Code   RO          945    i.__mathlib_dbl_underflow  m_ws.l(dunder.o)
    0x080082a0   0x080082a0   0x0000000e   Code   RO         1034    i.__scatterload_copy  mc_w.l(handlers.o)
    0x080082ae   0x080082ae   0x00000002   Code   RO         1035    i.__scatterload_null  mc_w.l(handlers.o)
    0x080082b0   0x080082b0   0x0000000e   Code   RO         1036    i.__scatterload_zeroinit  mc_w.l(handlers.o)
    0x080082be   0x080082be   0x00000002   PAD
    0x080082c0   0x080082c0   0x0000000c   Code   RO          999    i.__set_errno       mc_w.l(errno.o)
    0x080082cc   0x080082cc   0x00000184   Code   RO          870    i._fp_digits        mc_w.l(printfa.o)
    0x08008450   0x08008450   0x000006b4   Code   RO          871    i._printf_core      mc_w.l(printfa.o)
    0x08008b04   0x08008b04   0x00000024   Code   RO          872    i._printf_post_padding  mc_w.l(printfa.o)
    0x08008b28   0x08008b28   0x0000002e   Code   RO          873    i._printf_pre_padding  mc_w.l(printfa.o)
    0x08008b56   0x08008b56   0x00000016   Code   RO          874    i._snputc           mc_w.l(printfa.o)
    0x08008b6c   0x08008b6c   0x0000000a   Code   RO          875    i._sputc            mc_w.l(printfa.o)
    0x08008b76   0x08008b76   0x00000002   PAD
    0x08008b78   0x08008b78   0x000000dc   Code   RO          592    i.floor             m_ws.l(floor.o)
    0x08008c54   0x08008c54   0x00000050   Code   RO          891    i.free              mc_w.l(malloc.o)
    0x08008ca4   0x08008ca4   0x0000006c   Code   RO          892    i.malloc            mc_w.l(malloc.o)
    0x08008d10   0x08008d10   0x000009d8   Code   RO          596    i.pow               m_ws.l(pow.o)
    0x080096e8   0x080096e8   0x0000004c   Code   RO          959    i.sqrt              m_ws.l(sqrt.o)
    0x08009734   0x08009734   0x000005f0   Data   RO          342    .constdata          oled.o
    0x08009d24   0x08009d24   0x00000030   Data   RO          397    .constdata          main.o
    0x08009d54   0x08009d54   0x000000c0   Data   RO          488    .constdata          base64.o
    0x08009e14   0x08009e14   0x00000007   Data   RO          557    .constdata          cjson.o
    0x08009e1b   0x08009e1b   0x00000005   PAD
    0x08009e20   0x08009e20   0x00000088   Data   RO          597    .constdata          m_ws.l(pow.o)
    0x08009ea8   0x08009ea8   0x00000008   Data   RO          957    .constdata          m_ws.l(qnan.o)
    0x08009eb0   0x08009eb0   0x00000040   Data   RO         1030    .constdata          mc_w.l(ctype_c.o)
    0x08009ef0   0x08009ef0   0x0000004b   Data   RO          398    .conststring        main.o
    0x08009f3b   0x08009f3b   0x00000001   PAD
    0x08009f3c   0x08009f3c   0x000001bf   Data   RO          421    .conststring        onenet.o
    0x0800a0fb   0x0800a0fb   0x00000001   PAD
    0x0800a0fc   0x0800a0fc   0x00000020   Data   RO         1032    Region$$Table       anon$$obj.o


    Execution Region RW_IRAM1 (Exec base: 0x20000000, Load base: 0x0800a11c, Size: 0x000010c0, Max: 0x00005000, ABSOLUTE)

    Exec Addr    Load Addr    Size         Type   Attr      Idx    E Section Name        Object

    0x20000000   0x0800a11c   0x00000014   Data   RW          120    .data               system_stm32f10x.o
    0x20000014   0x0800a130   0x00000014   Data   RW          195    .data               stm32f10x_rcc.o
    0x20000028   0x0800a144   0x00000004   Data   RW          245    .data               delay.o
    0x2000002c   0x0800a148   0x00000001   Data   RW          285    .data               led.o
    0x2000002d   0x0800a149   0x00000011   Data   RW          343    .data               oled.o
    0x2000003e   0x0800a15a   0x00000001   Data   RW          364    .data               motor.o
    0x2000003f   0x0800a15b   0x00000008   Data   RW          399    .data               main.o
    0x20000047   0x0800a163   0x00000001   PAD
    0x20000048   0x0800a164   0x00000002   Data   RW          422    .data               onenet.o
    0x2000004a   0x0800a166   0x00000002   PAD
    0x2000004c   0x0800a168   0x00000018   Data   RW          538    .data               esp8266.o
    0x20000064   0x0800a180   0x0000000c   Data   RW          558    .data               cjson.o
    0x20000070   0x0800a18c   0x00000004   Data   RW          995    .data               mc_w.l(mvars.o)
    0x20000074   0x0800a190   0x00000004   Data   RW          996    .data               mc_w.l(mvars.o)
    0x20000078   0x0800a194   0x00000004   Data   RW         1000    .data               mc_w.l(errno.o)
    0x2000007c        -       0x00000400   Zero   RW          341    .bss                oled.o
    0x2000047c        -       0x00000040   Zero   RW          420    .bss                onenet.o
    0x200004bc        -       0x00000200   Zero   RW          537    .bss                esp8266.o
    0x200006bc   0x0800a198   0x00000004   PAD
    0x200006c0        -       0x00000200   Zero   RW          138    HEAP                startup_stm32f10x_md.o
    0x200008c0        -       0x00000800   Zero   RW          137    STACK               startup_stm32f10x_md.o


==============================================================================

Image component sizes


      Code (inc. data)   RO Data    RW Data    ZI Data      Debug   Object Name

       688          8        192          0          0       3042   base64.o
      6784        208          7         12          0      24060   cjson.o
         0          0          0          0          0       4540   core_cm3.o
       240         10          0          4          0       1380   delay.o
       416          4          0          0          0       2038   dht11.o
       996        324          0         24        512       4196   esp8266.o
      1158         28          0          0          0       3172   hmac_sha1.o
       280         14          0          0          0        881   key.o
        76          8          0          1          0       1078   led.o
      1348        398        123          8          0       4009   main.o
       220         22          0          0          0     207029   misc.o
        84         10          0          1          0        816   motor.o
      3592         74          0          0          0      15091   mqttkit.o
      1672         32       1520         17       1024       7619   oled.o
      3388       1416        447          2         64       9412   onenet.o
       168          6          0          0          0        759   pwm.o
        36          8        236          0       2560        768   startup_stm32f10x_md.o
       284         10          0          0          0       2115   stm32f10x_exti.o
       860         38          0          0          0       5589   stm32f10x_gpio.o
       308        248          0          0          0      44611   stm32f10x_it.o
       932         36          0         20          0       8716   stm32f10x_rcc.o
      3610         88          0          0          0      22700   stm32f10x_tim.o
      1032         22          0          0          0       8316   stm32f10x_usart.o
       480         38          0         20          0       1647   system_stm32f10x.o
       488         14          0          0          0       3221   usart.o

    ----------------------------------------------------------------------
     29144       3064       2564        112       4164     386805   Object Totals
         0          0         32          0          0          0   (incl. Generated)
         4          0          7          3          4          0   (incl. Padding)

    ----------------------------------------------------------------------

      Code (inc. data)   RO Data    RW Data    ZI Data      Debug   Library Member Name

        62         10          0          0          0        340   dunder.o
       220         16          0          0          0         84   floor.o
        40          0          0          0          0         68   fpclassify.o
       170          0          0          0          0         96   poly.o
      2520        190        136          0          0        324   pow.o
         0          0          8          0          0          0   qnan.o
        76          0          0          0          0         84   sqrt.o
        56          8          0          0          0         84   __0sscanf.o
        28          0          0          0          0         68   _chval.o
       816          6          0          0          0        112   _scanf.o
       332          0          0          0          0         96   _scanf_int.o
       224          0          0          0          0         96   _scanf_str.o
        64          0          0          0          0         84   _sgetc.o
        40          6         64          0          0         68   ctype_c.o
         0          0          0          0          0          0   entry.o
         0          0          0          0          0          0   entry10a.o
         0          0          0          0          0          0   entry11a.o
         4          0          0          0          0          0   entry12b.o
         8          4          0          0          0          0   entry2.o
         4          0          0          0          0          0   entry5.o
         0          0          0          0          0          0   entry7b.o
         0          0          0          0          0          0   entry8b.o
         8          4          0          0          0          0   entry9a.o
        12          6          0          4          0         68   errno.o
        30          0          0          0          0          0   handlers.o
        36          8          0          0          0         68   init.o
        10          0          0          0          0         68   isspace_c.o
         0          0          0          0          0          0   iusefp.o
        30          0          0          0          0         68   llshl.o
        36          0          0          0          0         68   llsshr.o
        32          0          0          0          0         68   llushr.o
       188         20          0          0          0        160   malloc.o
        36          0          0          0          0         68   memcpya.o
        36          0          0          0          0        108   memseta.o
         0          0          0          8          0          0   mvars.o
      2362         96          0          0          0        768   printfa.o
        40          8          0          0          0         84   scanf_char.o
        24          0          0          0          0         68   strcat.o
        20          0          0          0          0         68   strchr.o
        18          0          0          0          0         68   strcpy.o
        14          0          0          0          0         68   strlen.o
        40          0          0          0          0         76   strncat.o
        30          0          0          0          0         80   strncmp.o
        36          0          0          0          0         80   strstr.o
        12          0          0          0          0         68   tolower.o
        44          0          0          0          0         80   uidiv.o
        98          0          0          0          0         92   uldiv.o
        48          0          0          0          0         68   cdcmple.o
        48          0          0          0          0         68   cdrcmple.o
       334          0          0          0          0        148   dadd.o
       222          0          0          0          0        100   ddiv.o
       186          0          0          0          0        176   depilogue.o
        62          0          0          0          0         80   dfixi.o
        48          0          0          0          0         68   dfixul.o
        34          0          0          0          0         76   dflti.o
       228          0          0          0          0         96   dmul.o
        46          0          0          0          0         80   dscalb.o
       162          0          0          0          0        100   dsqrt.o
        38          0          0          0          0         68   f2d.o

    ----------------------------------------------------------------------
      9328        382        208         12          0       5076   Library Totals
        16          0          0          0          0          0   (incl. Padding)

    ----------------------------------------------------------------------

      Code (inc. data)   RO Data    RW Data    ZI Data      Debug   Library Name

      3088        216        144          0          0        996   m_ws.l
      4768        166         64         12          0       2952   mc_w.l
      1456          0          0          0          0       1128   mf_w.l

    ----------------------------------------------------------------------
      9328        382        208         12          0       5076   Library Totals

    ----------------------------------------------------------------------

==============================================================================


      Code (inc. data)   RO Data    RW Data    ZI Data      Debug   

     38472       3446       2772        124       4164     387093   Grand Totals
     38472       3446       2772        124       4164     387093   ELF Image Totals
     38472       3446       2772        124          0          0   ROM Totals

==============================================================================

    Total RO  Size (Code + RO Data)                41244 (  40.28kB)
    Total RW  Size (RW Data + ZI Data)              4288 (   4.19kB)
    Total ROM Size (Code + RO Data + RW Data)      41368 (  40.40kB)

==============================================================================

